Microchip MPLAB XC8 Compiler V1.21 ()

Linker command line:

--edf=C:\Program Files (x86)\Microchip\xc8\v1.21\dat\en_msgs.txt -cs \
  -h+dist/bejing_2580_debug/debug\Bejing.X.debug.sym \
  --cmf=dist/bejing_2580_debug/debug\Bejing.X.debug.cmf -z -Q18F2580 \
  -oC:\Users\GRODAN~1\AppData\Local\Temp\s86o.6 \
  -Mdist/bejing_2580_debug/debug/Bejing.X.debug.map -E1 -ver=XC8 \
  -ACODE=072h-07CFFh -ACONST=072h-07CFFh -ASMALLCONST=0600h-06FFhx119 \
  -AMEDIUMCONST=0600h-07CFFh -ACOMRAM=01h-05Fh -AABS1=00h-05EEh \
  -ABIGRAM=01h-05EEh -ARAM=060h-0FFh,0100h-01FFhx4,0500h-05EEh \
  -ABANK0=060h-0FFh -ABANK1=0100h-01FFh -ABANK2=0200h-02FFh \
  -ABANK3=0300h-03FFh -ABANK4=0400h-04FFh -ABANK5=0500h-05EEh \
  -ASFR=0D00h-0DFFhx2,0F00h-0F5Fh,0F60h-0F9Bh,0F9Dh-0FD3h,0FD5h-0FDAh,0FE0h-0FE2h,0FE8h-0FEAh,0FF0h-0FFBh \
  -preset_vec=00h,intcode,intcodelo=018h,powerup,init,end_init \
  -pramtop=0600h -psmallconst=SMALLCONST -pmediumconst=MEDIUMCONST \
  -pconst=CONST -AFARRAM=00h-00h -ACONFIG=0300000h-030000Dh -pconfig=CONFIG \
  -AIDLOC=0200000h-0200007h -pidloc=IDLOC -AEEDATA=0F00000h-0F000FFh \
  -peeprom_data=EEDATA \
  -prdata=COMRAM,nvrram=COMRAM,nvbit=COMRAM,rbss=COMRAM,rbit=COMRAM \
  -pfarbss=FARRAM,fardata=FARRAM,nvFARRAM=FARRAM \
  -pintsave_regs=BIGRAM,bigbss=BIGRAM,bigdata=BIGRAM -pbss=RAM \
  -pidata=CODE,irdata=CODE,ibigdata=CODE,ifardata=CODE \
  C:\Users\GRODAN~1\AppData\Local\Temp\s86o.obj \
  dist/bejing_2580_debug/debug\Bejing.X.debug.obj \
  C:\Program Files (x86)\Microchip\xc8\v1.21\lib\pic18-trace-obj.lib 

Object code version is 3.11

Machine type is 18F2580

Call graph: (short form)




                Name                               Link     Load   Length Selector   Space Scale
C:\Users\GRODAN~1\AppData\Local\Temp\s86o.obj
                end_init                            14E      14E        4        C       0
                reset_vec                             0        0        6        0       0
                idloc                            200000   200000        8   200000       0
                config                           300000   300000        E   300000       0
dist/bejing_2580_debug/debug\Bejing.X.debug.obj
                intcodelo                            18       18      136        C       0
                smallconst                          600      600       22      300       0
                text77                             6FC2     6FC2       12      311       0
                text75                             6FB0     6FB0       12      311       0
                text74                             6296     6296      148      311       0
                text73                             6F30     6F30       14      311       0
                text72                             5FCC     5FCC      16C      311       0
                text71                             6F9E     6F9E       12      311       0
                text70                             6E86     6E86       1E      311       0
                text69                             6B24     6B24       4E      311       0
                text68                             7020     7020        6      311       0
                text67                             6C80     6C80       3C      311       0
                text66                             6F1A     6F1A       16      311       0
                text65                             6FFE     6FFE        E      311       0
                text64                             6F04     6F04       16      311       0
                text63                             6EEE     6EEE       16      311       0
                text62                             6D2C     6D2C       38      311       0
                text61                             685A     685A       94      311       0
                text60                             5CE6     5CE6      174      311       0
                text59                             4DAA     4DAA      288      311       0
                text58                             6C02     6C02       40      311       0
                text57                             6718     6718       AA      311       0
                text56                             68EE     68EE       8E      311       0
                text55                             6138     6138      15E      311       0
                text54                             5032     5032      24C      311       0
                text53                             6A68     6A68       64      311       0
                text52                             650A     650A      114      311       0
                text51                             6C42     6C42       3E      311       0
                text50                             6D9A     6D9A       32      311       0
                text49                             5E5A     5E5A      172      311       0
                text48                             6E64     6E64       22      311       0
                text47                             6CF4     6CF4       38      311       0
                text46                             6ACC     6ACC       58      311       0
                text45                             6CBC     6CBC       38      311       0
                text44                             6FF0     6FF0        E      311       0
                text43                             661E     661E       FA      311       0
                text42                             6B72     6B72       4C      311       0
                text41                             6BBE     6BBE       44      311       0
                text40                             703A     703A        4      311       0
                text39                             7036     7036        4      311       0
                text38                             7032     7032        4      311       0
                text37                             6F8C     6F8C       12      311       0
                text36                             6ED8     6ED8       16      311       0
                text35                             6F7A     6F7A       12      311       0
                text34                             6F68     6F68       12      311       0
                text33                             702E     702E        4      311       0
                text32                             702A     702A        4      311       0
                text31                             6F56     6F56       12      311       0
                text30                             6F44     6F44       12      311       0
                text29                             7026     7026        4      311       0
                text28                             527E     527E      1E6      311       0
                text27                             6EBE     6EBE       1A      311       0
                text26                             69F8     69F8       70      311       0
                text25                             367A     367A      6D2      311       0
                text24                              622      622     188C      311       0
                text23                             6E42     6E42       22      311       0
                text22                             6E20     6E20       22      311       0
                text21                             6EA4     6EA4       1A      311       0
                text20                             57FE     57FE      1C0      311       0
                text19                             4688     4688      410      311       0
                text18                             7016     7016        A      311       0
                text17                             5B68     5B68      17E      311       0
                text16                             6DFA     6DFA       26      311       0
                text15                             697C     697C       7C      311       0
                text14                             1EAE     1EAE      E22      311       0
                text13                             63DE     63DE      12C      311       0
                text12                             3D4C     3D4C      4B0      311       0
                text11                             4A98     4A98      312      311       0
                text10                             5632     5632      1CC      311       0
                text9                              5464     5464      1CE      311       0
                text8                              41FC     41FC      48C      311       0
                text7                              700C     700C        A      311       0
                text6                              6FE2     6FE2        E      311       0
                text5                              6FD4     6FD4        E      311       0
                text4                              6D64     6D64       36      311       0
                text3                              67C2     67C2       98      311       0
                text2                              2CD0     2CD0      9AA      311       0
                text1                              703E     703E        2      311       0
                text0                              59BE     59BE      1AA      311       0
                cstackCOMRAM                          1        1       35        1       1
                cstackBANK0                          60       60       5D       60       1
                cstackBANK1                         100      100       26      100       1
                bssBANK1                            126      126       14      100       1
                bssBANK0                             BD       BD       42       60       1
                bssCOMRAM                            36       36       15        1       1
                cinit                              6DCC     6DCC       2E      311       0
                nvBANK0                              FF       FF        1       60       1

C:\Program Files (x86)\Microchip\xc8\v1.21\lib\pic18-trace-obj.lib

TOTAL           Name                               Link     Load   Length     Space
        CLASS   CODE           
                end_init                            14E      14E        4         0
                intcodelo                            18       18      136         0
                reset_vec                             0        0        6         0
                text77                             6FC2     6FC2       12         0
                text75                             6FB0     6FB0       12         0
                text74                             6296     6296      148         0
                text73                             6F30     6F30       14         0
                text72                             5FCC     5FCC      16C         0
                text71                             6F9E     6F9E       12         0
                text70                             6E86     6E86       1E         0
                text69                             6B24     6B24       4E         0
                text68                             7020     7020        6         0
                text67                             6C80     6C80       3C         0
                text66                             6F1A     6F1A       16         0
                text65                             6FFE     6FFE        E         0
                text64                             6F04     6F04       16         0
                text63                             6EEE     6EEE       16         0
                text62                             6D2C     6D2C       38         0
                text61                             685A     685A       94         0
                text60                             5CE6     5CE6      174         0
                text59                             4DAA     4DAA      288         0
                text58                             6C02     6C02       40         0
                text57                             6718     6718       AA         0
                text56                             68EE     68EE       8E         0
                text55                             6138     6138      15E         0
                text54                             5032     5032      24C         0
                text53                             6A68     6A68       64         0
                text52                             650A     650A      114         0
                text51                             6C42     6C42       3E         0
                text50                             6D9A     6D9A       32         0
                text49                             5E5A     5E5A      172         0
                text48                             6E64     6E64       22         0
                text47                             6CF4     6CF4       38         0
                text46                             6ACC     6ACC       58         0
                text45                             6CBC     6CBC       38         0
                text44                             6FF0     6FF0        E         0
                text43                             661E     661E       FA         0
                text42                             6B72     6B72       4C         0
                text41                             6BBE     6BBE       44         0
                text40                             703A     703A        4         0
                text39                             7036     7036        4         0
                text38                             7032     7032        4         0
                text37                             6F8C     6F8C       12         0
                text36                             6ED8     6ED8       16         0
                text35                             6F7A     6F7A       12         0
                text34                             6F68     6F68       12         0
                text33                             702E     702E        4         0
                text32                             702A     702A        4         0
                text31                             6F56     6F56       12         0
                text30                             6F44     6F44       12         0
                text29                             7026     7026        4         0
                text28                             527E     527E      1E6         0
                text27                             6EBE     6EBE       1A         0
                text26                             69F8     69F8       70         0
                text25                             367A     367A      6D2         0
                text24                              622      622     188C         0
                text23                             6E42     6E42       22         0
                text22                             6E20     6E20       22         0
                text21                             6EA4     6EA4       1A         0
                text20                             57FE     57FE      1C0         0
                text19                             4688     4688      410         0
                text18                             7016     7016        A         0
                text17                             5B68     5B68      17E         0
                text16                             6DFA     6DFA       26         0
                text15                             697C     697C       7C         0
                text14                             1EAE     1EAE      E22         0
                text13                             63DE     63DE      12C         0
                text12                             3D4C     3D4C      4B0         0
                text11                             4A98     4A98      312         0
                text10                             5632     5632      1CC         0
                text9                              5464     5464      1CE         0
                text8                              41FC     41FC      48C         0
                text7                              700C     700C        A         0
                text6                              6FE2     6FE2        E         0
                text5                              6FD4     6FD4        E         0
                text4                              6D64     6D64       36         0
                text3                              67C2     67C2       98         0
                text2                              2CD0     2CD0      9AA         0
                text1                              703E     703E        2         0
                text0                              59BE     59BE      1AA         0
                cinit                              6DCC     6DCC       2E         0

        CLASS   CONST          

        CLASS   SMALLCONST     
                smallconst                          600      600       22         0

        CLASS   MEDIUMCONST    

        CLASS   COMRAM         
                cstackCOMRAM                          1        1       35         1
                bssCOMRAM                            36       36       15         1

        CLASS   ABS1           

        CLASS   BIGRAM         

        CLASS   RAM            

        CLASS   BANK0          
                cstackBANK0                          60       60       5D         1
                bssBANK0                             BD       BD       42         1
                nvBANK0                              FF       FF        1         1

        CLASS   BANK1          
                cstackBANK1                         100      100       26         1
                bssBANK1                            126      126       14         1

        CLASS   BANK2          

        CLASS   BANK3          

        CLASS   BANK4          

        CLASS   BANK5          

        CLASS   SFR            

        CLASS   FARRAM         

        CLASS   CONFIG         
                config                           300000   300000        E         0

        CLASS   IDLOC          
                idloc                            200000   200000        8         0

        CLASS   EEDATA         



SEGMENTS        Name                           Load    Length   Top    Selector   Space  Class

                reset_vec                      000000  000006  000006         0       0  CODE    
                cstackCOMRAM                   000001  00004A  00004B         1       1  COMRAM  
                intcodelo                      000018  00013A  000152         C       0  CODE    
                cstackBANK0                    000060  0000A0  000100        60       1  BANK0   
                cstackBANK1                    000100  00003A  00013A       100       1  BANK1   
                smallconst                     000600  000022  000622       300       0  SMALLCON
                text24                         000622  006A1E  007040       311       0  CODE    
                idloc                          200000  000008  200008    200000       0  IDLOC   
                config                         300000  00000E  30000E    300000       0  CONFIG  


UNUSED ADDRESS RANGES

        Name                Unused          Largest block    Delta
        BANK1            00013A-0001FF               C6
        BANK2            000200-0002FF              100
        BANK3            000300-0003FF              100
        BANK4            000400-0004FF              100
        BANK5            000500-0005EE               EF
        BIGRAM           00004B-00005F               15
                         00013A-0005EE              4B5
        CODE             000152-0005FF              4AE
                         007040-007CFF              CC0
        COMRAM           00004B-00005F               15
        CONST            000152-0005FF              4AE
                         007040-007CFF              CC0
        EEDATA           F00000-F000FF              100
        MEDIUMCONST      007040-007CFF              CC0
        RAM              00013A-0005EE              100
        SFR              000D00-000F9B              100
                         000F9D-000FD3               37
                         000FD5-000FDA                6
                         000FE0-000FE2                3
                         000FE8-000FEA                3
                         000FF0-000FFB                C
        SMALLCONST       007040-007CFF              100

                                  Symbol Table

?_ECANReceiveMessage                     cstackCOMRAM 00001F
?_ECANSendMessage                        cstackCOMRAM 000021
?_ECANSetOperationMode                   cstackCOMRAM 000016
?_OpenTimer0                             cstackCOMRAM 000016
?_Read_b_eep                             cstackCOMRAM 000016
?_SendInformationEvent                   cstackCOMRAM 000030
?_WriteTimer0                            cstackCOMRAM 000016
?_Write_b_eep                            cstackCOMRAM 000016
?__CANIDToRegs                           cstackCOMRAM 000016
?__ECANPointBuffer                       cstackCOMRAM 000016
?__RegsToCANID                           cstackCOMRAM 000016
?___awmod                                cstackCOMRAM 000016
?_doActionOff                            cstackBANK0  0000A2
?_doActionOn                             cstackBANK0  0000A2
?_doActionPulse                          cstackCOMRAM 000018
?_doActionStatus                         cstackBANK0  0000A2
?_doActionToggle                         cstackBANK0  0000A2
?_getCANFrame                            cstackCOMRAM 00002F
?_getVSCPFrame                           cstackBANK0  000060
?_sendCANFrame                           cstackBANK0  00007C
?_sendVSCPFrame                          cstackBANK0  000083
?_vscp_getFamilyCode                     cstackCOMRAM 000016
?_vscp_getFamilyType                     cstackCOMRAM 000016
?_vscp_getGUID                           cstackCOMRAM 000018
?_vscp_getMDF_URL                        cstackCOMRAM 000016
?_vscp_getManufacturerId                 cstackCOMRAM 000018
?_vscp_getMatrixInfo                     cstackCOMRAM 000016
?_vscp_getUserID                         cstackCOMRAM 000018
?_vscp_goBootloaderMode                  cstackCOMRAM 00001B
?_vscp_readAppReg                        cstackCOMRAM 000018
?_vscp_readRegister                      cstackCOMRAM 00002B
?_vscp_readStdReg                        cstackCOMRAM 00001A
?_vscp_sendHeartBeat                     cstackCOMRAM 000031
?_vscp_setControlByte                    cstackCOMRAM 00001B
?_vscp_setGUID                           cstackCOMRAM 00001B
?_vscp_setManufacturerId                 cstackCOMRAM 00001B
?_vscp_setSegmentCRC                     cstackCOMRAM 00001B
?_vscp_setUserID                         cstackCOMRAM 00001B
?_vscp_writeAppReg                       cstackBANK0  0000A2
?_vscp_writeNicknamePermanent            cstackCOMRAM 00001B
?_vscp_writeRegister                     cstackBANK0  0000AC
?_vscp_writeStdReg                       cstackCOMRAM 00001E
?i1_WriteTimer0                          cstackCOMRAM 000001
ECANReceiveMessage@data                  cstackCOMRAM 000021
ECANReceiveMessage@dataLen               cstackCOMRAM 000023
ECANReceiveMessage@i                     cstackCOMRAM 00002A
ECANReceiveMessage@id                    cstackCOMRAM 00001F
ECANReceiveMessage@mode                  cstackCOMRAM 00002B
ECANReceiveMessage@msgFlags              cstackCOMRAM 000025
ECANReceiveMessage@ptr                   cstackCOMRAM 00002D
ECANReceiveMessage@savedPtr              cstackCOMRAM 000028
ECANReceiveMessage@temp                  cstackCOMRAM 00002C
ECANSendMessage@buffers                  cstackBANK0  000073
ECANSendMessage@data                     cstackCOMRAM 000025
ECANSendMessage@dataLen                  cstackCOMRAM 000027
ECANSendMessage@i                        cstackBANK0  000079
ECANSendMessage@id                       cstackCOMRAM 000021
ECANSendMessage@j                        cstackBANK0  000074
ECANSendMessage@mode                     cstackBANK0  000072
ECANSendMessage@msgFlags                 cstackCOMRAM 000028
ECANSendMessage@pb                       cstackBANK0  000060
ECANSendMessage@ptr                      cstackBANK0  00007A
ECANSendMessage@temp                     cstackBANK0  000078
ECANSendMessage@tempBSEL0                cstackBANK0  000075
ECANSendMessage@tempPtr                  cstackBANK0  000076
ECANSetOperationMode@mode                cstackCOMRAM 000016
OpenTimer0@config                        cstackCOMRAM 000016
Read_b_eep@badd                          cstackCOMRAM 000016
SendInformationEvent@data                cstackBANK0  00009F
SendInformationEvent@eventClass          cstackCOMRAM 000031
SendInformationEvent@eventTypeId         cstackCOMRAM 000032
SendInformationEvent@idx                 cstackCOMRAM 000030
WriteTimer0@timer                        cstackCOMRAM 000018
WriteTimer0@timer0                       cstackCOMRAM 000016
Write_b_eep@GIE_BIT_VAL                  cstackCOMRAM 00001A
Write_b_eep@badd                         cstackCOMRAM 000016
Write_b_eep@bdat                         cstackCOMRAM 000018
_B0CON                                   (abs)        000E20
_B0RXFUL                                 (abs)        007107
_B0TXEN                                  (abs)        006FC2
_B1CON                                   (abs)        000E30
_B1RXFUL                                 (abs)        007187
_B1TXEN                                  (abs)        006FC3
_B2CON                                   (abs)        000E40
_B2RXFUL                                 (abs)        007207
_B2TXEN                                  (abs)        006FC4
_B3CON                                   (abs)        000E50
_B3RXFUL                                 (abs)        007287
_B3TXEN                                  (abs)        006FC5
_B4CON                                   (abs)        000E60
_B4RXFUL                                 (abs)        007307
_B4TXEN                                  (abs)        006FC6
_B5CON                                   (abs)        000E70
_B5RXFUL                                 (abs)        007387
_B5TXEN                                  (abs)        006FC7
_BRGCON1                                 (abs)        000F70
_BRGCON2                                 (abs)        000F71
_BRGCON3                                 (abs)        000F72
_BSEL0                                   (abs)        000DF8
_Busy_eep                                text68       007020
_CANCON                                  (abs)        000F6F
_CIOCON                                  (abs)        000F73
_ECANCON                                 (abs)        000F77
_ECANInitialize                          text72       005FCC
_ECANReceiveMessage                      text59       004DAA
_ECANSendMessage                         text54       005032
_ECANSetOperationMode                    text73       006F30
_EEADR                                   (abs)        000FA9
_EECON1bits                              (abs)        000FA6
_EECON2                                  (abs)        000FA7
_EEDATA                                  (abs)        000FA8
_FIFOEMPTY                               (abs)        007BA7
_INTCON2bits                             (abs)        000FF1
_INTCONbits                              (abs)        000FF2
_IRXIF                                   (abs)        007D27
_LATAbits                                (abs)        000F89
_LATBbits                                (abs)        000F8A
_LATCbits                                (abs)        000F8B
_MDSEL0                                  (abs)        007BBE
_MDSEL1                                  (abs)        007BBF
_MSEL0                                   (abs)        000DF0
_MSEL1                                   (abs)        000DF1
_MSEL2                                   (abs)        000DF2
_OpenTimer0                              text70       006E86
_PORTA                                   (abs)        000F80
_PORTB                                   (abs)        000F81
_PORTC                                   (abs)        000F82
_PORTCbits                               (abs)        000F82
_RXB0CON                                 (abs)        000F60
_RXB0FILHIT0                             (abs)        007B00
_RXB0FUL                                 (abs)        007B07
_RXB0IF                                  (abs)        007D20
_RXB0OVFL                                (abs)        007BA7
_RXB1CON                                 (abs)        000F50
_RXB1CONbits                             (abs)        000F50
_RXB1IF                                  (abs)        007D21
_RXB1OVFL                                (abs)        007BA6
_RXF0EIDH                                (abs)        000F02
_RXF0EIDL                                (abs)        000F03
_RXF0SIDH                                (abs)        000F00
_RXF0SIDL                                (abs)        000F01
_RXF1EIDH                                (abs)        000F06
_RXF1EIDL                                (abs)        000F07
_RXF1EN                                  (abs)        006EA1
_RXF1SIDH                                (abs)        000F04
_RXF1SIDL                                (abs)        000F05
_RXFBCON0                                (abs)        000DE0
_RXFBCON1                                (abs)        000DE1
_RXFBCON2                                (abs)        000DE2
_RXFBCON3                                (abs)        000DE3
_RXFBCON4                                (abs)        000DE4
_RXFBCON5                                (abs)        000DE5
_RXFBCON6                                (abs)        000DE6
_RXFBCON7                                (abs)        000DE7
_RXFCON0                                 (abs)        000DD4
_RXFCON1                                 (abs)        000DD5
_RXM0EIDH                                (abs)        000F1A
_RXM0EIDL                                (abs)        000F1B
_RXM0EXIDM                               (abs)        0078CB
_RXM0SIDH                                (abs)        000F18
_RXM0SIDL                                (abs)        000F19
_RXM1EIDH                                (abs)        000F1E
_RXM1EIDL                                (abs)        000F1F
_RXM1EXIDEN                              (abs)        0078EB
_RXM1SIDH                                (abs)        000F1C
_RXM1SIDL                                (abs)        000F1D
_Read_b_eep                              text75       006FB0
_SendInformationEvent                    text26       0069F8
_T0CON                                   (abs)        000FD5
_T0CONbits                               (abs)        000FD5
_TMR0H                                   (abs)        000FD7
_TMR0L                                   (abs)        000FD6
_TRISA                                   (abs)        000F92
_TRISB                                   (abs)        000F93
_TRISC                                   (abs)        000F94
_TXB0CON                                 (abs)        000F40
_TXB1CON                                 (abs)        000F30
_TXB2CON                                 (abs)        000F20
_WriteTimer0                             text71       006F9E
_Write_b_eep                             text67       006C80
__CANIDToRegs                            text55       006138
__CANIDToRegs@Value                      cstackCOMRAM 00001F
__CANIDToRegs@ptr                        cstackCOMRAM 000016
__CANIDToRegs@type                       cstackCOMRAM 00001C
__CANIDToRegs@val                        cstackCOMRAM 000018
__CFG_BOREN$BOACTIVE                     (abs)        000000
__CFG_BORV$3                             (abs)        000000
__CFG_CPB$OFF                            (abs)        000000
__CFG_EBTR0$OFF                          (abs)        000000
__CFG_EBTR1$OFF                          (abs)        000000
__CFG_EBTR2$OFF                          (abs)        000000
__CFG_EBTR3$OFF                          (abs)        000000
__CFG_EBTRB$OFF                          (abs)        000000
__CFG_LVP$OFF                            (abs)        000000
__CFG_OSC$HSPLL                          (abs)        000000
__CFG_PWRT$ON                            (abs)        000000
__CFG_STVREN$ON                          (abs)        000000
__CFG_WDT$OFF                            (abs)        000000
__CFG_WRTD$OFF                           (abs)        000000
__ECANPointBuffer                        text61       00685A
__ECANPointBuffer@b                      cstackCOMRAM 000016
__ECANPointBuffer@pt                     cstackCOMRAM 000018
__ECANRxFilterHitInfo                    bssBANK0     0000DB
__HRAM                                   (abs)        000000
__Habs1                                  abs1         000000
__Hbank0                                 bank0        000000
__Hbank1                                 bank1        000000
__Hbank2                                 bank2        000000
__Hbank3                                 bank3        000000
__Hbank4                                 bank4        000000
__Hbank5                                 bank5        000000
__Hbigbss                                bigbss       000000
__Hbigdata                               bigdata      000000
__Hbigram                                bigram       000000
__Hbss                                   bss          000000
__HbssBANK0                              bssBANK0     000000
__HbssBANK1                              bssBANK1     000000
__HbssCOMRAM                             bssCOMRAM    000000
__Hcinit                                 cinit        000000
__Hclrtext                               clrtext      000000
__Hcomram                                comram       000000
__Hconfig                                config       30000E
__Hconst                                 const        000000
__HcstackBANK0                           cstackBANK0  000000
__HcstackBANK1                           cstackBANK1  000000
__HcstackCOMRAM                          cstackCOMRAM 000000
__Hdata                                  data         000000
__Heeprom_data                           eeprom_data  000000
__Hend_init                              end_init     000152
__Hfarbss                                farbss       000000
__Hfardata                               fardata      000000
__Hibigdata                              ibigdata     000000
__Hidata                                 idata        000000
__Hidloc                                 idloc        200008
__Hifardata                              ifardata     000000
__Hinit                                  init         00014E
__Hintcode                               intcode      000006
__Hintcode_body                          intcode_body 000000
__Hintcodelo                             intcodelo    00014E
__Hintentry                              intentry     000000
__Hintret                                intret       000000
__Hintsave_regs                          intsave_regs 000000
__Hirdata                                irdata       000000
__Hmediumconst                           mediumconst  000000
__HnvBANK0                               nvBANK0      000000
__HnvFARRAM                              nvFARRAM     000000
__Hnvbit                                 nvbit        000000
__Hnvrram                                nvrram       000000
__Hparam                                 rparam       000000
__Hpowerup                               powerup      00014E
__Hram                                   ram          000000
__Hramtop                                ramtop       000600
__Hrbit                                  rbit         000000
__Hrbss                                  rbss         000000
__Hrdata                                 rdata        000000
__Hreset_vec                             reset_vec    000006
__Hrparam                                rparam       000000
__Hsfr                                   sfr          000000
__Hsmallconst                            smallconst   000622
__Hstruct                                struct       000000
__Htemp                                  temp         000000
__Htext                                  text         000000
__Htext0                                 text0        000000
__Htext1                                 text1        000000
__Htext10                                text10       000000
__Htext11                                text11       000000
__Htext12                                text12       000000
__Htext13                                text13       000000
__Htext14                                text14       000000
__Htext15                                text15       000000
__Htext16                                text16       000000
__Htext17                                text17       000000
__Htext18                                text18       000000
__Htext19                                text19       000000
__Htext2                                 text2        000000
__Htext20                                text20       000000
__Htext21                                text21       000000
__Htext22                                text22       000000
__Htext23                                text23       000000
__Htext24                                text24       000000
__Htext25                                text25       000000
__Htext26                                text26       000000
__Htext27                                text27       000000
__Htext28                                text28       000000
__Htext29                                text29       000000
__Htext3                                 text3        000000
__Htext30                                text30       000000
__Htext31                                text31       000000
__Htext32                                text32       000000
__Htext33                                text33       000000
__Htext34                                text34       000000
__Htext35                                text35       000000
__Htext36                                text36       000000
__Htext37                                text37       000000
__Htext38                                text38       000000
__Htext39                                text39       000000
__Htext4                                 text4        000000
__Htext40                                text40       000000
__Htext41                                text41       000000
__Htext42                                text42       000000
__Htext43                                text43       000000
__Htext44                                text44       000000
__Htext45                                text45       000000
__Htext46                                text46       000000
__Htext47                                text47       000000
__Htext48                                text48       000000
__Htext49                                text49       000000
__Htext5                                 text5        000000
__Htext50                                text50       000000
__Htext51                                text51       000000
__Htext52                                text52       000000
__Htext53                                text53       000000
__Htext54                                text54       000000
__Htext55                                text55       000000
__Htext56                                text56       000000
__Htext57                                text57       000000
__Htext58                                text58       000000
__Htext59                                text59       000000
__Htext6                                 text6        000000
__Htext60                                text60       000000
__Htext61                                text61       000000
__Htext62                                text62       000000
__Htext63                                text63       000000
__Htext64                                text64       000000
__Htext65                                text65       000000
__Htext66                                text66       000000
__Htext67                                text67       000000
__Htext68                                text68       000000
__Htext69                                text69       000000
__Htext7                                 text7        000000
__Htext70                                text70       000000
__Htext71                                text71       000000
__Htext72                                text72       000000
__Htext73                                text73       000000
__Htext74                                text74       000000
__Htext75                                text75       000000
__Htext77                                text77       000000
__Htext8                                 text8        000000
__Htext9                                 text9        000000
__IT_DATA                                bssBANK0     0000DC
__IT_ID                                  bssBANK0     0000DD
__IT_INT_MASK                            bssBANK0     0000DE
__IT_SAVE_BSR                            bssBANK0     0000DF
__IT_SAVE_STATUS                         bssBANK0     0000E0
__IT_SAVE_WREG                           bssBANK0     0000E1
__LRAM                                   (abs)        000001
__Labs1                                  abs1         000000
__Lbank0                                 bank0        000000
__Lbank1                                 bank1        000000
__Lbank2                                 bank2        000000
__Lbank3                                 bank3        000000
__Lbank4                                 bank4        000000
__Lbank5                                 bank5        000000
__Lbigbss                                bigbss       000000
__Lbigdata                               bigdata      000000
__Lbigram                                bigram       000000
__Lbss                                   bss          000000
__LbssBANK0                              bssBANK0     000000
__LbssBANK1                              bssBANK1     000000
__LbssCOMRAM                             bssCOMRAM    000000
__Lcinit                                 cinit        000000
__Lclrtext                               clrtext      000000
__Lcomram                                comram       000000
__Lconfig                                config       300000
__Lconst                                 const        000000
__LcstackBANK0                           cstackBANK0  000000
__LcstackBANK1                           cstackBANK1  000000
__LcstackCOMRAM                          cstackCOMRAM 000000
__Ldata                                  data         000000
__Leeprom_data                           eeprom_data  000000
__Lend_init                              end_init     00014E
__Lfarbss                                farbss       000000
__Lfardata                               fardata      000000
__Libigdata                              ibigdata     000000
__Lidata                                 idata        000000
__Lidloc                                 idloc        200000
__Lifardata                              ifardata     000000
__Linit                                  init         00014E
__Lintcode                               intcode      000006
__Lintcode_body                          intcode_body 000000
__Lintcodelo                             intcodelo    000018
__Lintentry                              intentry     000000
__Lintret                                intret       000000
__Lintsave_regs                          intsave_regs 000000
__Lirdata                                irdata       000000
__Lmediumconst                           mediumconst  000000
__LnvBANK0                               nvBANK0      000000
__LnvFARRAM                              nvFARRAM     000000
__Lnvbit                                 nvbit        000000
__Lnvrram                                nvrram       000000
__Lparam                                 rparam       000000
__Lpowerup                               powerup      00014E
__Lram                                   ram          000000
__Lramtop                                ramtop       000600
__Lrbit                                  rbit         000000
__Lrbss                                  rbss         000000
__Lrdata                                 rdata        000000
__Lreset_vec                             reset_vec    000000
__Lrparam                                rparam       000000
__Lsfr                                   sfr          000000
__Lsmallconst                            smallconst   000600
__Lstruct                                struct       000000
__Ltemp                                  temp         000000
__Ltext                                  text         000000
__Ltext0                                 text0        000000
__Ltext1                                 text1        000000
__Ltext10                                text10       000000
__Ltext11                                text11       000000
__Ltext12                                text12       000000
__Ltext13                                text13       000000
__Ltext14                                text14       000000
__Ltext15                                text15       000000
__Ltext16                                text16       000000
__Ltext17                                text17       000000
__Ltext18                                text18       000000
__Ltext19                                text19       000000
__Ltext2                                 text2        000000
__Ltext20                                text20       000000
__Ltext21                                text21       000000
__Ltext22                                text22       000000
__Ltext23                                text23       000000
__Ltext24                                text24       000000
__Ltext25                                text25       000000
__Ltext26                                text26       000000
__Ltext27                                text27       000000
__Ltext28                                text28       000000
__Ltext29                                text29       000000
__Ltext3                                 text3        000000
__Ltext30                                text30       000000
__Ltext31                                text31       000000
__Ltext32                                text32       000000
__Ltext33                                text33       000000
__Ltext34                                text34       000000
__Ltext35                                text35       000000
__Ltext36                                text36       000000
__Ltext37                                text37       000000
__Ltext38                                text38       000000
__Ltext39                                text39       000000
__Ltext4                                 text4        000000
__Ltext40                                text40       000000
__Ltext41                                text41       000000
__Ltext42                                text42       000000
__Ltext43                                text43       000000
__Ltext44                                text44       000000
__Ltext45                                text45       000000
__Ltext46                                text46       000000
__Ltext47                                text47       000000
__Ltext48                                text48       000000
__Ltext49                                text49       000000
__Ltext5                                 text5        000000
__Ltext50                                text50       000000
__Ltext51                                text51       000000
__Ltext52                                text52       000000
__Ltext53                                text53       000000
__Ltext54                                text54       000000
__Ltext55                                text55       000000
__Ltext56                                text56       000000
__Ltext57                                text57       000000
__Ltext58                                text58       000000
__Ltext59                                text59       000000
__Ltext6                                 text6        000000
__Ltext60                                text60       000000
__Ltext61                                text61       000000
__Ltext62                                text62       000000
__Ltext63                                text63       000000
__Ltext64                                text64       000000
__Ltext65                                text65       000000
__Ltext66                                text66       000000
__Ltext67                                text67       000000
__Ltext68                                text68       000000
__Ltext69                                text69       000000
__Ltext7                                 text7        000000
__Ltext70                                text70       000000
__Ltext71                                text71       000000
__Ltext72                                text72       000000
__Ltext73                                text73       000000
__Ltext74                                text74       000000
__Ltext75                                text75       000000
__Ltext77                                text77       000000
__Ltext8                                 text8        000000
__Ltext9                                 text9        000000
__RegsToCANID                            text60       005CE6
__RegsToCANID@Value                      cstackCOMRAM 00001D
__RegsToCANID@ptr                        cstackCOMRAM 000016
__RegsToCANID@type                       cstackCOMRAM 00001A
__RegsToCANID@val                        cstackCOMRAM 000018
__S0                                     (abs)        30000E
__S1                                     (abs)        00013A
___DCByte                                bssBANK0     0000E2
___DCDelay                               nvBANK0      0000FF
___IT                                    (abs)        000101
___awmod                                 text15       00697C
___awmod@counter                         cstackCOMRAM 00001B
___awmod@dividend                        cstackCOMRAM 000016
___awmod@divisor                         cstackCOMRAM 000018
___awmod@sign                            cstackCOMRAM 00001C
__accesstop                              (abs)        000060
__activetblptr                           (abs)        000002
__end_of_Busy_eep                        text68       007026
__end_of_ECANInitialize                  text72       006138
__end_of_ECANReceiveMessage              text59       005032
__end_of_ECANSendMessage                 text54       00527E
__end_of_ECANSetOperationMode            text73       006F44
__end_of_OpenTimer0                      text70       006EA4
__end_of_Read_b_eep                      text75       006FC2
__end_of_SendInformationEvent            text26       006A68
__end_of_WriteTimer0                     text71       006FB0
__end_of_Write_b_eep                     text67       006CBC
__end_of__CANIDToRegs                    text55       006296
__end_of__ECANPointBuffer                text61       0068EE
__end_of__RegsToCANID                    text60       005E5A
__end_of___awmod                         text15       0069F8
__end_of__initialization                 cinit        006DF0
__end_of_calculateSetFilterMask          text25       003D4C
__end_of_doActionOff                     text13       00650A
__end_of_doActionOn                      text12       0041FC
__end_of_doActionPulse                   text11       004DAA
__end_of_doActionStatus                  text10       0057FE
__end_of_doActionToggle                  text9        005632
__end_of_doApplicationOneSecondWork      text2        00367A
__end_of_doDM                            text8        004688
__end_of_doWork                          text1        007040
__end_of_getCANFrame                     text58       006C42
__end_of_getVSCPFrame                    text57       0067C2
__end_of_init                            text69       006B72
__end_of_init_app_eeprom                 text20       0059BE
__end_of_init_app_ram                    text19       004A98
__end_of_interrupt_at_low_vector         intcodelo    00014E
__end_of_main                            text0        005B68
__end_of_sendCANFrame                    text53       006ACC
__end_of_sendVSCPFrame                   text52       00661E
__end_of_vscp_check_pstorage             text62       006D64
__end_of_vscp_deviceURL                  smallconst   000620
__end_of_vscp_doOneSecondWork            text3        00685A
__end_of_vscp_error                      text7        007016
__end_of_vscp_getBootLoaderAlgorithm     text33       007032
__end_of_vscp_getBufferSize              text32       00702E
__end_of_vscp_getEvent                   text56       00697C
__end_of_vscp_getFamilyCode              text31       006F68
__end_of_vscp_getFamilyType              text30       006F56
__end_of_vscp_getGUID                    text37       006F9E
__end_of_vscp_getMDF_URL                 text36       006EEE
__end_of_vscp_getMajorVersion            text40       00703E
__end_of_vscp_getManufacturerId          text34       006F7A
__end_of_vscp_getMatrixInfo              text47       006D2C
__end_of_vscp_getMinorVersion            text39       00703A
__end_of_vscp_getRegisterPagesUsed       text29       00702A
__end_of_vscp_getSegmentCRC              text65       00700C
__end_of_vscp_getSubMinorVersion         text38       007036
__end_of_vscp_getSubzone                 text5        006FE2
__end_of_vscp_getUserID                  text35       006F8C
__end_of_vscp_getZone                    text6        006FF0
__end_of_vscp_goActiveState              text50       006DCC
__end_of_vscp_goBootloaderMode           text48       006E86
__end_of_vscp_handleDropNickname         text42       006BBE
__end_of_vscp_handleHeartbeat            text46       006B24
__end_of_vscp_handleProbeState           text49       005FCC
__end_of_vscp_handleProtocolEvent        text14       002CD0
__end_of_vscp_handleSetNickname          text45       006CF4
__end_of_vscp_init                       text43       006718
__end_of_vscp_newNodeOnline              text41       006C02
__end_of_vscp_readAppReg                 text74       0063DE
__end_of_vscp_readNicknamePermanent      text44       006FFE
__end_of_vscp_readRegister               text27       006ED8
__end_of_vscp_readStdReg                 text28       005464
__end_of_vscp_restoreDefaults            text18       007020
__end_of_vscp_sendEvent                  text51       006C80
__end_of_vscp_sendHeartBeat              text4        006D9A
__end_of_vscp_setControlByte             text63       006F04
__end_of_vscp_setGUID                    text23       006E64
__end_of_vscp_setManufacturerId          text22       006E42
__end_of_vscp_setSegmentCRC              text64       006F1A
__end_of_vscp_setUserID                  text21       006EBE
__end_of_vscp_writeAppReg                text24       001EAE
__end_of_vscp_writeNicknamePermanent     text66       006F30
__end_of_vscp_writeRegister              text16       006E20
__end_of_vscp_writeStdReg                text17       005CE6
__end_ofi1_WriteTimer0                   text77       006FD4
__initialization                         cinit        006DCC
__mediumconst                            mediumconst  000000
__pbssBANK0                              bssBANK0     0000BD
__pbssBANK1                              bssBANK1     000126
__pbssCOMRAM                             bssCOMRAM    000036
__pcinit                                 cinit        006DCC
__pcstackBANK0                           cstackBANK0  000060
__pcstackBANK1                           cstackBANK1  000100
__pcstackCOMRAM                          cstackCOMRAM 000001
__pintcodelo                             intcodelo    000018
__pnvBANK0                               nvBANK0      0000FF
__psmallconst                            smallconst   000600
__ptext0                                 text0        0059BE
__ptext1                                 text1        00703E
__ptext10                                text10       005632
__ptext11                                text11       004A98
__ptext12                                text12       003D4C
__ptext13                                text13       0063DE
__ptext14                                text14       001EAE
__ptext15                                text15       00697C
__ptext16                                text16       006DFA
__ptext17                                text17       005B68
__ptext18                                text18       007016
__ptext19                                text19       004688
__ptext2                                 text2        002CD0
__ptext20                                text20       0057FE
__ptext21                                text21       006EA4
__ptext22                                text22       006E20
__ptext23                                text23       006E42
__ptext24                                text24       000622
__ptext25                                text25       00367A
__ptext26                                text26       0069F8
__ptext27                                text27       006EBE
__ptext28                                text28       00527E
__ptext29                                text29       007026
__ptext3                                 text3        0067C2
__ptext30                                text30       006F44
__ptext31                                text31       006F56
__ptext32                                text32       00702A
__ptext33                                text33       00702E
__ptext34                                text34       006F68
__ptext35                                text35       006F7A
__ptext36                                text36       006ED8
__ptext37                                text37       006F8C
__ptext38                                text38       007032
__ptext39                                text39       007036
__ptext4                                 text4        006D64
__ptext40                                text40       00703A
__ptext41                                text41       006BBE
__ptext42                                text42       006B72
__ptext43                                text43       00661E
__ptext44                                text44       006FF0
__ptext45                                text45       006CBC
__ptext46                                text46       006ACC
__ptext47                                text47       006CF4
__ptext48                                text48       006E64
__ptext49                                text49       005E5A
__ptext5                                 text5        006FD4
__ptext50                                text50       006D9A
__ptext51                                text51       006C42
__ptext52                                text52       00650A
__ptext53                                text53       006A68
__ptext54                                text54       005032
__ptext55                                text55       006138
__ptext56                                text56       0068EE
__ptext57                                text57       006718
__ptext58                                text58       006C02
__ptext59                                text59       004DAA
__ptext6                                 text6        006FE2
__ptext60                                text60       005CE6
__ptext61                                text61       00685A
__ptext62                                text62       006D2C
__ptext63                                text63       006EEE
__ptext64                                text64       006F04
__ptext65                                text65       006FFE
__ptext66                                text66       006F1A
__ptext67                                text67       006C80
__ptext68                                text68       007020
__ptext69                                text69       006B24
__ptext7                                 text7        00700C
__ptext70                                text70       006E86
__ptext71                                text71       006F9E
__ptext72                                text72       005FCC
__ptext73                                text73       006F30
__ptext74                                text74       006296
__ptext75                                text75       006FB0
__ptext77                                text77       006FC2
__ptext8                                 text8        0041FC
__ptext9                                 text9        005464
__ramtop                                 ramtop       000600
__size_of_Busy_eep                       (abs)        000000
__size_of_ECANInitialize                 (abs)        000000
__size_of_ECANReceiveMessage             (abs)        000000
__size_of_ECANSendMessage                (abs)        000000
__size_of_ECANSetOperationMode           (abs)        000000
__size_of_OpenTimer0                     (abs)        000000
__size_of_Read_b_eep                     (abs)        000000
__size_of_SendInformationEvent           (abs)        000000
__size_of_WriteTimer0                    (abs)        000000
__size_of_Write_b_eep                    (abs)        000000
__size_of__CANIDToRegs                   (abs)        000000
__size_of__ECANPointBuffer               (abs)        000000
__size_of__RegsToCANID                   (abs)        000000
__size_of___awmod                        (abs)        000000
__size_of_calculateSetFilterMask         (abs)        000000
__size_of_doActionOff                    (abs)        000000
__size_of_doActionOn                     (abs)        000000
__size_of_doActionPulse                  (abs)        000000
__size_of_doActionStatus                 (abs)        000000
__size_of_doActionToggle                 (abs)        000000
__size_of_doApplicationOneSecondWork     (abs)        000000
__size_of_doDM                           (abs)        000000
__size_of_doWork                         (abs)        000000
__size_of_getCANFrame                    (abs)        000000
__size_of_getVSCPFrame                   (abs)        000000
__size_of_init                           (abs)        000000
__size_of_init_app_eeprom                (abs)        000000
__size_of_init_app_ram                   (abs)        000000
__size_of_interrupt_at_low_vector        (abs)        000000
__size_of_main                           (abs)        000000
__size_of_sendCANFrame                   (abs)        000000
__size_of_sendVSCPFrame                  (abs)        000000
__size_of_vscp_check_pstorage            (abs)        000000
__size_of_vscp_doOneSecondWork           (abs)        000000
__size_of_vscp_error                     (abs)        000000
__size_of_vscp_getBootLoaderAlgorithm    (abs)        000000
__size_of_vscp_getBufferSize             (abs)        000000
__size_of_vscp_getEvent                  (abs)        000000
__size_of_vscp_getFamilyCode             (abs)        000000
__size_of_vscp_getFamilyType             (abs)        000000
__size_of_vscp_getGUID                   (abs)        000000
__size_of_vscp_getMDF_URL                (abs)        000000
__size_of_vscp_getMajorVersion           (abs)        000000
__size_of_vscp_getManufacturerId         (abs)        000000
__size_of_vscp_getMatrixInfo             (abs)        000000
__size_of_vscp_getMinorVersion           (abs)        000000
__size_of_vscp_getRegisterPagesUsed      (abs)        000000
__size_of_vscp_getSegmentCRC             (abs)        000000
__size_of_vscp_getSubMinorVersion        (abs)        000000
__size_of_vscp_getSubzone                (abs)        000000
__size_of_vscp_getUserID                 (abs)        000000
__size_of_vscp_getZone                   (abs)        000000
__size_of_vscp_goActiveState             (abs)        000000
__size_of_vscp_goBootloaderMode          (abs)        000000
__size_of_vscp_handleDropNickname        (abs)        000000
__size_of_vscp_handleHeartbeat           (abs)        000000
__size_of_vscp_handleProbeState          (abs)        000000
__size_of_vscp_handleProtocolEvent       (abs)        000000
__size_of_vscp_handleSetNickname         (abs)        000000
__size_of_vscp_init                      (abs)        000000
__size_of_vscp_newNodeOnline             (abs)        000000
__size_of_vscp_readAppReg                (abs)        000000
__size_of_vscp_readNicknamePermanent     (abs)        000000
__size_of_vscp_readRegister              (abs)        000000
__size_of_vscp_readStdReg                (abs)        000000
__size_of_vscp_restoreDefaults           (abs)        000000
__size_of_vscp_sendEvent                 (abs)        000000
__size_of_vscp_sendHeartBeat             (abs)        000000
__size_of_vscp_setControlByte            (abs)        000000
__size_of_vscp_setGUID                   (abs)        000000
__size_of_vscp_setManufacturerId         (abs)        000000
__size_of_vscp_setSegmentCRC             (abs)        000000
__size_of_vscp_setUserID                 (abs)        000000
__size_of_vscp_writeAppReg               (abs)        000000
__size_of_vscp_writeNicknamePermanent    (abs)        000000
__size_of_vscp_writeRegister             (abs)        000000
__size_of_vscp_writeStdReg               (abs)        000000
__size_ofi1_WriteTimer0                  (abs)        000000
__smallconst                             smallconst   000600
_calculateSetFilterMask                  text25       00367A
_channel_protection_timer                bssBANK0     0000BD
_channel_pulse_flags                     bssBANK0     0000D5
_channel_pulse_timer                     bssBANK1     000126
_current_iostate                         bssBANK0     0000D7
_doActionOff                             text13       0063DE
_doActionOn                              text12       003D4C
_doActionPulse                           text11       004A98
_doActionStatus                          text10       005632
_doActionToggle                          text9        005464
_doApplicationOneSecondWork              text2        002CD0
_doDM                                    text8        0041FC
_doDM$2282                               cstackBANK0  0000B6
_doDM$2283                               cstackBANK0  0000B7
_doDM$2284                               cstackBANK0  0000B8
_doDM$2285                               cstackBANK0  0000B9
_doDM$2286                               cstackBANK0  0000BA
_doWork                                  text1        00703E
_getCANFrame                             text58       006C02
_getVSCPFrame                            text57       006718
_hours                                   bssBANK0     0000E3
_init                                    text69       006B24
_init_app_eeprom                         text20       0057FE
_init_app_ram                            text19       004688
_interrupt_at_low_vector                 intcodelo    000018
_main                                    text0        0059BE
_measurement_clock                       bssBANK0     0000D1
_minutes                                 bssBANK0     0000E4
_seconds                                 bssBANK0     0000E5
_sendCANFrame                            text53       006A68
_sendTimer                               bssBANK0     0000E6
_sendVSCPFrame                           text52       00650A
_vscp_alarmstatus                        bssBANK0     0000E7
_vscp_check_pstorage                     text62       006D2C
_vscp_configtimer                        bssBANK0     0000D9
_vscp_deviceURL                          smallconst   000600
_vscp_doOneSecondWork                    text3        0067C2
_vscp_error                              text7        00700C
_vscp_errorcnt                           bssBANK0     0000E8
_vscp_getBootLoaderAlgorithm             text33       00702E
_vscp_getBufferSize                      text32       00702A
_vscp_getEvent                           text56       0068EE
_vscp_getFamilyCode                      text31       006F56
_vscp_getFamilyType                      text30       006F44
_vscp_getGUID                            text37       006F8C
_vscp_getMDF_URL                         text36       006ED8
_vscp_getMajorVersion                    text40       00703A
_vscp_getManufacturerId                  text34       006F68
_vscp_getMatrixInfo                      text47       006CF4
_vscp_getMinorVersion                    text39       007036
_vscp_getRegisterPagesUsed               text29       007026
_vscp_getSegmentCRC                      text65       006FFE
_vscp_getSubMinorVersion                 text38       007032
_vscp_getSubzone                         text5        006FD4
_vscp_getUserID                          text35       006F7A
_vscp_getZone                            text6        006FE2
_vscp_goActiveState                      text50       006D9A
_vscp_goBootloaderMode                   text48       006E64
_vscp_guid_reset                         bssCOMRAM    00003A
_vscp_handleDropNickname                 text42       006B72
_vscp_handleHeartbeat                    text46       006ACC
_vscp_handleProbeState                   text49       005E5A
_vscp_handleProtocolEvent                text14       001EAE
_vscp_handleSetNickname                  text45       006CBC
_vscp_hour                               bssBANK0     0000E9
_vscp_imsg                               bssBANK0     0000F1
_vscp_init                               text43       00661E
_vscp_initbtncnt                         bssBANK0     0000EA
_vscp_initledfunc                        bssCOMRAM    00003B
_vscp_minute                             bssBANK0     0000EB
_vscp_newNodeOnline                      text41       006BBE
_vscp_nickname                           bssBANK0     0000EC
_vscp_node_state                         bssBANK0     0000ED
_vscp_node_substate                      bssBANK0     0000EE
_vscp_omsg                               bssCOMRAM    00003E
_vscp_page_select                        bssCOMRAM    000036
_vscp_probe_address                      bssCOMRAM    00003C
_vscp_probe_cnt                          bssBANK0     0000EF
_vscp_readAppReg                         text74       006296
_vscp_readNicknamePermanent              text44       006FF0
_vscp_readRegister                       text27       006EBE
_vscp_readStdReg                         text28       00527E
_vscp_restoreDefaults                    text18       007016
_vscp_second                             bssBANK0     0000F0
_vscp_sendEvent                          text51       006C42
_vscp_sendHeartBeat                      text4        006D64
_vscp_setControlByte                     text63       006EEE
_vscp_setGUID                            text23       006E42
_vscp_setManufacturerId                  text22       006E20
_vscp_setSegmentCRC                      text64       006F04
_vscp_setUserID                          text21       006EA4
_vscp_statuscnt                          bssCOMRAM    00003D
_vscp_timer                              bssCOMRAM    000038
_vscp_writeAppReg                        text24       000622
_vscp_writeNicknamePermanent             text66       006F1A
_vscp_writeRegister                      text16       006DFA
_vscp_writeStdReg                        text17       005B68
calculateSetFilterMask@filter            cstackCOMRAM 00002A
calculateSetFilterMask@i                 cstackCOMRAM 000033
calculateSetFilterMask@j                 cstackCOMRAM 000032
calculateSetFilterMask@lastOID           cstackCOMRAM 000025
calculateSetFilterMask@mask              cstackCOMRAM 000026
calculateSetFilterMask@rowfilter         cstackCOMRAM 00002E
calculateSetFilterMask@rowmask           cstackCOMRAM 000021
doActionOff@arg                          cstackBANK0  0000A3
doActionOff@dmflags                      cstackBANK0  0000A2
doActionOff@i                            cstackBANK0  0000A7
doActionOff@val                          cstackBANK0  0000A6
doActionOn@arg                           cstackBANK0  0000A3
doActionOn@dmflags                       cstackBANK0  0000A2
doActionOn@i                             cstackBANK0  0000A9
doActionOn@val                           cstackBANK0  0000A8
doActionPulse@arg                        cstackCOMRAM 000019
doActionPulse@dmflags                    cstackCOMRAM 000018
doActionPulse@i                          cstackCOMRAM 00001F
doActionPulse@val                        cstackCOMRAM 00001E
doActionStatus@arg                       cstackBANK0  0000A3
doActionStatus@bOn                       cstackBANK0  0000A7
doActionStatus@dmflags                   cstackBANK0  0000A2
doActionStatus@i                         cstackBANK0  0000A8
doActionStatus@val                       cstackBANK0  0000A6
doActionToggle@arg                       cstackBANK0  0000A3
doActionToggle@bOn                       cstackBANK0  0000A7
doActionToggle@dmflags                   cstackBANK0  0000A2
doActionToggle@i                         cstackBANK0  0000A8
doActionToggle@val                       cstackBANK0  0000A6
doApplicationOneSecondWork@bOn           cstackBANK0  0000AA
doApplicationOneSecondWork@ctrlreg       cstackBANK0  0000AB
doApplicationOneSecondWork@i             cstackBANK0  0000AC
doApplicationOneSecondWork@iodirections  cstackBANK0  0000A8
doDM@class_filter                        cstackBANK0  0000B0
doDM@class_mask                          cstackBANK0  0000B2
doDM@dmflags                             cstackBANK0  0000BB
doDM@i                                   cstackBANK0  0000BC
doDM@type_filter                         cstackBANK0  0000B4
doDM@type_mask                           cstackBANK0  0000B5
end_of_initialization                    cinit        006DF0
getCANFrame@flags                        cstackCOMRAM 000035
getCANFrame@pdata                        cstackCOMRAM 000033
getCANFrame@pdlc                         cstackCOMRAM 000031
getCANFrame@pid                          cstackCOMRAM 00002F
getVSCPFrame@id                          cstackBANK0  000070
getVSCPFrame@pData                       cstackBANK0  00006A
getVSCPFrame@pNodeId                     cstackBANK0  000064
getVSCPFrame@pPriority                   cstackBANK0  000066
getVSCPFrame@pSize                       cstackBANK0  000068
getVSCPFrame@pvscpclass                  cstackBANK0  000060
getVSCPFrame@pvscptype                   cstackBANK0  000062
i1WriteTimer0@timer                      cstackCOMRAM 000003
i1WriteTimer0@timer0                     cstackCOMRAM 000001
i1_WriteTimer0                           text77       006FC2
init_app_eeprom@i                        cstackCOMRAM 00001D
init_app_eeprom@j                        cstackCOMRAM 00001C
init_app_ram@dir                         cstackCOMRAM 000018
init_app_ram@i                           cstackCOMRAM 000019
intlevel0                                text         000000
intlevel1                                text         000000
intlevel2                                text         000000
intlevel3                                text         000000
sendCANFrame@dlc                         cstackBANK0  000080
sendCANFrame@id                          cstackBANK0  00007C
sendCANFrame@pdata                       cstackBANK0  000081
sendCANFrame@rv                          cstackCOMRAM 00002B
sendVSCPFrame@id                         cstackCOMRAM 00002C
sendVSCPFrame@nodeid                     cstackBANK0  000086
sendVSCPFrame@pData                      cstackBANK0  000089
sendVSCPFrame@priority                   cstackBANK0  000087
sendVSCPFrame@size                       cstackBANK0  000088
sendVSCPFrame@vscpclass                  cstackBANK0  000083
sendVSCPFrame@vscptype                   cstackBANK0  000085
start                                    init         00014E
start_initialization                     cinit        006DCC
vscp_getEvent@rv                         cstackBANK0  000074
vscp_getGUID@idx                         cstackCOMRAM 000018
vscp_getMDF_URL@idx                      cstackCOMRAM 000016
vscp_getManufacturerId@idx               cstackCOMRAM 000018
vscp_getMatrixInfo@i                     cstackCOMRAM 000019
vscp_getUserID@idx                       cstackCOMRAM 000018
vscp_goBootloaderMode@algorithm          cstackCOMRAM 00001B
vscp_handleDropNickname@bytes            cstackCOMRAM 00001D
vscp_handleProtocolEvent@byte            cstackBANK1  00010F
vscp_handleProtocolEvent@bytes           cstackBANK1  000106
vscp_handleProtocolEvent@bytes_1399      cstackBANK1  000110
vscp_handleProtocolEvent@bytes_this_time cstackBANK1  00010A
vscp_handleProtocolEvent@cb              cstackBANK1  00010B
vscp_handleProtocolEvent@i               cstackBANK1  000113
vscp_handleProtocolEvent@i_1392          cstackBANK1  00010E
vscp_handleProtocolEvent@i_1395          cstackBANK1  000112
vscp_handleProtocolEvent@i_1403          cstackBANK1  00010C
vscp_handleProtocolEvent@j               cstackBANK1  000114
vscp_handleProtocolEvent@k               cstackBANK1  00010D
vscp_handleProtocolEvent@len             cstackBANK1  000107
vscp_handleProtocolEvent@len_1394        cstackBANK1  000109
vscp_handleProtocolEvent@offset          cstackBANK1  000104
vscp_handleProtocolEvent@page_save       cstackBANK1  000100
vscp_handleProtocolEvent@page_save_1404  cstackBANK1  000102
vscp_handleProtocolEvent@pos             cstackBANK1  000105
vscp_handleProtocolEvent@pos_1393        cstackBANK1  000108
vscp_readAppReg@reg                      cstackCOMRAM 000018
vscp_readAppReg@rv                       cstackCOMRAM 00001A
vscp_readRegister@reg                    cstackCOMRAM 00002B
vscp_readStdReg@code                     cstackCOMRAM 000020
vscp_readStdReg@code_1377                cstackCOMRAM 000024
vscp_readStdReg@idx                      cstackCOMRAM 000028
vscp_readStdReg@idx_1378                 cstackCOMRAM 000029
vscp_readStdReg@reg                      cstackCOMRAM 00001A
vscp_readStdReg@rv                       cstackCOMRAM 00002A
vscp_sendEvent@rv                        cstackCOMRAM 000030
vscp_sendHeartBeat@subzone               cstackCOMRAM 000032
vscp_sendHeartBeat@zone                  cstackCOMRAM 000031
vscp_setControlByte@ctrl                 cstackCOMRAM 00001B
vscp_setGUID@data                        cstackCOMRAM 00001C
vscp_setGUID@idx                         cstackCOMRAM 00001B
vscp_setManufacturerId@data              cstackCOMRAM 00001C
vscp_setManufacturerId@idx               cstackCOMRAM 00001B
vscp_setSegmentCRC@crc                   cstackCOMRAM 00001B
vscp_setUserID@data                      cstackCOMRAM 00001C
vscp_setUserID@idx                       cstackCOMRAM 00001B
vscp_writeAppReg@bInfoEvent              cstackBANK0  0000A9
vscp_writeAppReg@bOn                     cstackBANK0  0000AB
vscp_writeAppReg@reg                     cstackBANK0  0000A2
vscp_writeAppReg@rv                      cstackBANK0  0000AA
[...]
		_vscp_handleProbeState
		_vscp_handleHeartbeat
		_vscp_handleSetNickname
		_vscp_handlePreActiveState
 This function uses a non-reentrant model


 *************** function _vscp_getSegmentCRC *****************
 Defined at:
		line 2956 in file "../main.c"
 Parameters:    Size  Location     Type
		None
 Auto vars:     Size  Location     Type
		None
 Return value:  Size  Location     Type
                  1    wreg      unsigned char 
 Registers used:
		wreg, status,2, cstack
 Tracked objects:
		On entry : 
		On exit  : 
		Unchanged: 
 Data sizes:     COMRAM   BANK0   BANK1   BANK2   BANK3   BANK4   BANK5
      Params:         0       0       0       0       0       0       0
      Locals:         0       0       0       0       0       0       0
      Temps:          0       0       0       0       0       0       0
      Totals:         0       0       0       0       0       0       0
Total ram usage:        0 bytes
 Hardware stack levels used:    1
 Hardware stack levels required when called:    3
 This function calls:
		_Read_b_eep
 This function is called by:
		_vscp_check_pstorage
		_vscp_handleHeartbeat
 This function uses a non-reentrant model


 *************** function _vscp_writeNicknamePermanent *****************
 Defined at:
		line 966 in file "../main.c"
 Parameters:    Size  Location     Type
  nickname        1   26[COMRAM] unsigned char 
 Auto vars:     Size  Location     Type
		None
 Return value:  Size  Location     Type
		None               void
 Registers used:
		wreg, status,2, cstack
 Tracked objects:
		On entry : 
		On exit  : 
		Unchanged: 
 Data sizes:     COMRAM   BANK0   BANK1   BANK2   BANK3   BANK4   BANK5
      Params:         1       0       0       0       0       0       0
      Locals:         0       0       0       0       0       0       0
      Temps:          0       0       0       0       0       0       0
      Totals:         1       0       0       0       0       0       0
Total ram usage:        1 bytes
 Hardware stack levels used:    1
 Hardware stack levels required when called:    3
 This function calls:
		_Busy_eep
		_Write_b_eep
 This function is called by:
		_vscp_check_pstorage
		_vscp_handleProbeState
		_vscp_handleHeartbeat
		_vscp_handleSetNickname
		_vscp_handleDropNickname
		_vscp_handlePreActiveState
 This function uses a non-reentrant model


 *************** function _Write_b_eep *****************
 Defined at:
		line 31 in file "C:\Program Files (x86)\Microchip\xc8\v1.21\sources\pic18\plib\EEP\write_B.c"
 Parameters:    Size  Location     Type
  badd            2   21[COMRAM] unsigned int 
  bdat            1   23[COMRAM] unsigned char 
 Auto vars:     Size  Location     Type
  GIE_BIT_VAL     1   25[COMRAM] unsigned char 
 Return value:  Size  Location     Type
		None               void
 Registers used:
		wreg, status,2
 Tracked objects:
		On entry : 
		On exit  : 
		Unchanged: 
 Data sizes:     COMRAM   BANK0   BANK1   BANK2   BANK3   BANK4   BANK5
      Params:         3       0       0       0       0       0       0
      Locals:         1       0       0       0       0       0       0
      Temps:          1       0       0       0       0       0       0
      Totals:         5       0       0       0       0       0       0
Total ram usage:        5 bytes
 Hardware stack levels used:    1
 Hardware stack levels required when called:    2
 This function calls:
		Nothing
 This function is called by:
		_main
		_init_app_eeprom
		_vscp_setGUID
		_vscp_setManufacturerId
		_vscp_writeNicknamePermanent
		_vscp_writeAppReg
		_vscp_setUserID
		_vscp_setSegmentCRC
		_vscp_setControlByte
		_vscp_goBootloaderMode
		_doActionDisable
		_vscp_setNickname
 This function uses a non-reentrant model


 *************** function _Busy_eep *****************
 Defined at:
		line 13 in file "C:\Program Files (x86)\Microchip\xc8\v1.21\sources\pic18\plib\EEP\busy_eep.c"
 Parameters:    Size  Location     Type
		None
 Auto vars:     Size  Location     Type
		None
 Return value:  Size  Location     Type
		None               void
 Registers used:
		None
 Tracked objects:
		On entry : 
		On exit  : 
		Unchanged: 
 Data sizes:     COMRAM   BANK0   BANK1   BANK2   BANK3   BANK4   BANK5
      Params:         0       0       0       0       0       0       0
      Locals:         0       0       0       0       0       0       0
      Temps:          0       0       0       0       0       0       0
      Totals:         0       0       0       0       0       0       0
Total ram usage:        0 bytes
 Hardware stack levels used:    1
 Hardware stack levels required when called:    2
 This function calls:
		Nothing
 This function is called by:
		_main
		_init_app_eeprom
		_vscp_setGUID
		_vscp_setManufacturerId
		_vscp_writeNicknamePermanent
		_vscp_writeAppReg
		_vscp_setUserID
		_vscp_setSegmentCRC
		_vscp_setControlByte
		_vscp_goBootloaderMode
		_doActionDisable
		_vscp_setNickname
 This function uses a non-reentrant model


 *************** function _init *****************
 Defined at:
		line 323 in file "../main.c"
 Parameters:    Size  Location     Type
		None
 Auto vars:     Size  Location     Type
  dir             1    0        unsigned char 
 Return value:  Size  Location     Type
		None               void
 Registers used:
		wreg, status,2, status,0, cstack
 Tracked objects:
		On entry : 
		On exit  : 
		Unchanged: 
 Data sizes:     COMRAM   BANK0   BANK1   BANK2   BANK3   BANK4   BANK5
      Params:         0       0       0       0       0       0       0
      Locals:         0       0       0       0       0       0       0
      Temps:          1       0       0       0       0       0       0
      Totals:         1       0       0       0       0       0       0
Total ram usage:        1 bytes
 Hardware stack levels used:    1
 Hardware stack levels required when called:    4
 This function calls:
		_ECANInitialize
		_WriteTimer0
		_OpenTimer0
 This function is called by:
		_main
 This function uses a non-reentrant model


 *************** function _OpenTimer0 *****************
 Defined at:
		line 19 in file "C:\Program Files (x86)\Microchip\xc8\v1.21\sources\pic18\plib\Timers\t0open.c"
 Parameters:    Size  Location     Type
  config          1   21[COMRAM] unsigned char 
 Auto vars:     Size  Location     Type
		None
 Return value:  Size  Location     Type
		None               void
 Registers used:
		wreg, status,2, status,0
 Tracked objects:
		On entry : 
		On exit  : 
		Unchanged: 
 Data sizes:     COMRAM   BANK0   BANK1   BANK2   BANK3   BANK4   BANK5
      Params:         1       0       0       0       0       0       0
      Locals:         0       0       0       0       0       0       0
      Temps:          0       0       0       0       0       0       0
      Totals:         1       0       0       0       0       0       0
Total ram usage:        1 bytes
 Hardware stack levels used:    1
 Hardware stack levels required when called:    2
 This function calls:
		Nothing
 This function is called by:
		_init
 This function uses a non-reentrant model


 *************** function _WriteTimer0 *****************
 Defined at:
		line 17 in file "C:\Program Files (x86)\Microchip\xc8\v1.21\sources\pic18\plib\Timers\t0write.c"
 Parameters:    Size  Location     Type
  timer0          2   21[COMRAM] unsigned int 
 Auto vars:     Size  Location     Type
  timer           2   23[COMRAM] struct Timers
 Return value:  Size  Location     Type
		None               void
 Registers used:
		None
 Tracked objects:
		On entry : 
		On exit  : 
		Unchanged: 
 Data sizes:     COMRAM   BANK0   BANK1   BANK2   BANK3   BANK4   BANK5
      Params:         2       0       0       0       0       0       0
      Locals:         2       0       0       0       0       0       0
      Temps:          0       0       0       0       0       0       0
      Totals:         4       0       0       0       0       0       0
Total ram usage:        4 bytes
 Hardware stack levels used:    1
 Hardware stack levels required when called:    2
 This function calls:
		Nothing
 This function is called by:
		_init
 This function uses a non-reentrant model


 *************** function _ECANInitialize *****************
 Defined at:
		line 168 in file "../ECAN.c"
 Parameters:    Size  Location     Type
		None
 Auto vars:     Size  Location     Type
		None
 Return value:  Size  Location     Type
		None               void
 Registers used:
		wreg, status,2, status,0, cstack
 Tracked objects:
		On entry : 
		On exit  : 
		Unchanged: 
 Data sizes:     COMRAM   BANK0   BANK1   BANK2   BANK3   BANK4   BANK5
      Params:         0       0       0       0       0       0       0
      Locals:         0       0       0       0       0       0       0
      Temps:          1       0       0       0       0       0       0
      Totals:         1       0       0       0       0       0       0
Total ram usage:        1 bytes
 Hardware stack levels used:    1
 Hardware stack levels required when called:    3
 This function calls:
		_ECANSetOperationMode
 This function is called by:
		_init
 This function uses a non-reentrant model


 *************** function _ECANSetOperationMode *****************
 Defined at:
		line 1012 in file "../ECAN.c"
 Parameters:    Size  Location     Type
  mode            1   21[COMRAM] enum E16346
 Auto vars:     Size  Location     Type
		None
 Return value:  Size  Location     Type
		None               void
 Registers used:
		wreg, status,2, status,0
 Tracked objects:
		On entry : 
		On exit  : 
		Unchanged: 
 Data sizes:     COMRAM   BANK0   BANK1   BANK2   BANK3   BANK4   BANK5
      Params:         1       0       0       0       0       0       0
      Locals:         0       0       0       0       0       0       0
      Temps:          0       0       0       0       0       0       0
      Totals:         1       0       0       0       0       0       0
Total ram usage:        1 bytes
 Hardware stack levels used:    1
 Hardware stack levels required when called:    2
 This function calls:
		Nothing
 This function is called by:
		_ECANInitialize
		_calculateSetFilterMask
 This function uses a non-reentrant model


 *************** function _vscp_readAppReg *****************
 Defined at:
		line 1006 in file "../main.c"
 Parameters:    Size  Location     Type
  reg             1   23[COMRAM] unsigned char 
 Auto vars:     Size  Location     Type
  rv              1   25[COMRAM] unsigned char 
 Return value:  Size  Location     Type
                  1    wreg      unsigned char 
 Registers used:
		wreg, status,2, status,0, cstack
 Tracked objects:
		On entry : 
		On exit  : 
		Unchanged: 
 Data sizes:     COMRAM   BANK0   BANK1   BANK2   BANK3   BANK4   BANK5
      Params:         1       0       0       0       0       0       0
      Locals:         1       0       0       0       0       0       0
      Temps:          1       0       0       0       0       0       0
      Totals:         3       0       0       0       0       0       0
Total ram usage:        3 bytes
 Hardware stack levels used:    1
 Hardware stack levels required when called:    3
 This function calls:
		_Read_b_eep
 This function is called by:
		_vscp_readRegister
		_vscp_handleProtocolEvent
 This function uses a non-reentrant model


 *************** function _Read_b_eep *****************
 Defined at:
		line 24 in file "C:\Program Files (x86)\Microchip\xc8\v1.21\sources\pic18\plib\EEP\read_B.c"
 Parameters:    Size  Location     Type
  badd            2   21[COMRAM] unsigned int 
 Auto vars:     Size  Location     Type
		None
 Return value:  Size  Location     Type
                  1    wreg      unsigned char 
 Registers used:
		wreg, status,2
 Tracked objects:
		On entry : 
		On exit  : 
		Unchanged: 
 Data sizes:     COMRAM   BANK0   BANK1   BANK2   BANK3   BANK4   BANK5
      Params:         2       0       0       0       0       0       0
      Locals:         0       0       0       0       0       0       0
      Temps:          0       0       0       0       0       0       0
      Totals:         2       0       0       0       0       0       0
Total ram usage:        2 bytes
 Hardware stack levels used:    1
 Hardware stack levels required when called:    2
 This function calls:
		Nothing
 This function is called by:
		_init_app_ram
		_doApplicationOneSecondWork
		_vscp_readNicknamePermanent
		_vscp_getZone
		_vscp_getSubzone
		_vscp_readAppReg
		_vscp_writeAppReg
		_SendInformationEvent
		_doDM
		_doActionOn
		_doActionOff
		_doActionPulse
		_doActionStatus
		_doActionToggle
		_vscp_getGUID
		_vscp_getUserID
		_vscp_getManufacturerId
		_vscp_getSegmentCRC
		_calculateSetFilterMask
		_doActionDisable
		_vscp_getNickname
		_vscp_getControlByte
 This function uses a non-reentrant model


 *************** function _interrupt_at_low_vector *****************
 Defined at:
		line 132 in file "../main.c"
 Parameters:    Size  Location     Type
		None
 Auto vars:     Size  Location     Type
		None
 Return value:  Size  Location     Type
		None               void
 Registers used:
		wreg, status,2, status,0, cstack
 Tracked objects:
		On entry : 
		On exit  : 
		Unchanged: 
 Data sizes:     COMRAM   BANK0   BANK1   BANK2   BANK3   BANK4   BANK5
      Params:         0       0       0       0       0       0       0
      Locals:         0       0       0       0       0       0       0
      Temps:         17       0       0       0       0       0       0
      Totals:        17       0       0       0       0       0       0
Total ram usage:       17 bytes
 Hardware stack levels used:    1
 Hardware stack levels required when called:    1
 This function calls:
		i1_WriteTimer0
 This function is called by:
		Interrupt level 1
 This function uses a non-reentrant model


 *************** function i1_WriteTimer0 *****************
 Defined at:
		line 17 in file "C:\Program Files (x86)\Microchip\xc8\v1.21\sources\pic18\plib\Timers\t0write.c"
 Parameters:    Size  Location     Type
  timer0          2    0[COMRAM] unsigned int 
 Auto vars:     Size  Location     Type
  WriteTimer0     2    2[COMRAM] struct Timers
 Return value:  Size  Location     Type
		None               void
 Registers used:
		None
 Tracked objects:
		On entry : 
		On exit  : 
		Unchanged: 
 Data sizes:     COMRAM   BANK0   BANK1   BANK2   BANK3   BANK4   BANK5
      Params:         2       0       0       0       0       0       0
      Locals:         2       0       0       0       0       0       0
      Temps:          0       0       0       0       0       0       0
      Totals:         4       0       0       0       0       0       0
Total ram usage:        4 bytes
 Hardware stack levels used:    1
 This function calls:
		Nothing
 This function is called by:
		_interrupt_at_low_vector
 This function uses a non-reentrant model



MODULE INFORMATION

Module		Function		Class		Link	Load	Size
../main.c
		_vscp_getBootLo		CODE           	702E	0000	4
		_vscp_getZone  		CODE           	6FE2	0000	14
		_init          		CODE           	6B24	0000	78
		_vscp_setManufa		CODE           	6E20	0000	34
		_doDM          		CODE           	41FC	0000	1164
		_vscp_setGUID  		CODE           	6E42	0000	34
		_SendInformatio		CODE           	69F8	0000	112
		_getVSCPFrame  		CODE           	6718	0000	170
		_vscp_setContro		CODE           	6EEE	0000	22
		_vscp_getUserID		CODE           	6F7A	0000	18
		_doWork        		CODE           	703E	0000	2
		_vscp_getSegmen		CODE           	6FFE	0000	14
		_vscp_restoreDe		CODE           	7016	0000	10
		_vscp_readAppRe		CODE           	6296	0000	328
		_vscp_getFamily		CODE           	6F56	0000	18
		_doActionOn    		CODE           	3D4C	0000	1200
		_vscp_setUserID		CODE           	6EA4	0000	26
		_getCANFrame   		CODE           	6C02	0000	64
		_main          		CODE           	59BE	0000	426
		_doActionOff   		CODE           	63DE	0000	300
		_calculateSetFi		CODE           	367A	0000	1746
		_vscp_getRegist		CODE           	7026	0000	4
		_vscp_setSegmen		CODE           	6F04	0000	22
		_sendVSCPFrame 		CODE           	650A	0000	276
		_vscp_getMDF_UR		CODE           	6ED8	0000	22
		_init_app_eepro		CODE           	57FE	0000	448
		_doActionPulse 		CODE           	4A98	0000	786
		_sendCANFrame  		CODE           	6A68	0000	100
		_vscp_writeAppR		CODE           	0622	0000	6284
		_vscp_getFamily		CODE           	6F44	0000	18
		_vscp_getBuffer		CODE           	702A	0000	4
		_vscp_getSubzon		CODE           	6FD4	0000	14
		_vscp_getMatrix		CODE           	6CF4	0000	56
		_vscp_goBootloa		CODE           	6E64	0000	34
		_doActionToggle		CODE           	5464	0000	462
		_doActionStatus		CODE           	5632	0000	460
		_vscp_readNickn		CODE           	6FF0	0000	14
		_interrupt_at_l		CODE           	0018	0000	310
		_doApplicationO		CODE           	2CD0	0000	2474
		_vscp_getMajorV		CODE           	703A	0000	4
		_vscp_getMinorV		CODE           	7036	0000	4
		_vscp_writeNick		CODE           	6F1A	0000	22
		_init_app_ram  		CODE           	4688	0000	1040
		_vscp_getManufa		CODE           	6F68	0000	18
		_vscp_getSubMin		CODE           	7032	0000	4
		_vscp_getGUID  		CODE           	6F8C	0000	18

../main.c estimated size: 18682

C:\Program Files (x86)\Microchip\xc8\v1.21\sources\pic18\plib\Timers\t0write.c
		_WriteTimer0   		CODE           	6F9E	0000	18

C:\Program Files (x86)\Microchip\xc8\v1.21\sources\pic18\plib\Timers\t0write.c estimated size: 18

C:\Program Files (x86)\Microchip\xc8\v1.21\sources\pic18\plib\EEP\read_B.c
		_Read_b_eep    		CODE           	6FB0	0000	18

C:\Program Files (x86)\Microchip\xc8\v1.21\sources\pic18\plib\EEP\read_B.c estimated size: 18

../ECAN.c
		_ECANReceiveMes		CODE           	4DAA	0000	648
		__RegsToCANID  		CODE           	5CE6	0000	372
		__ECANPointBuff		CODE           	685A	0000	148
		_ECANInitialize		CODE           	5FCC	0000	364
		__CANIDToRegs  		CODE           	6138	0000	350
		_ECANSetOperati		CODE           	6F30	0000	20
		_ECANSendMessag		CODE           	5032	0000	588

../ECAN.c estimated size: 2490

shared
		_vscp_deviceURL		SMALLCONST     	0600	0000	32
		__initializatio		CODE           	6DCC	0000	36
		i1_WriteTimer0 		CODE           	6FC2	0000	18

shared estimated size: 86

../../vscp_firmware/common/vscp_firmware.c
		_vscp_getEvent 		CODE           	68EE	0000	142
		_vscp_handleHea		CODE           	6ACC	0000	88
		_vscp_readRegis		CODE           	6EBE	0000	26
		_vscp_writeRegi		CODE           	6DFA	0000	38
		_vscp_error    		CODE           	700C	0000	10
		_vscp_readStdRe		CODE           	527E	0000	486
		_vscp_goActiveS		CODE           	6D9A	0000	50
		_vscp_doOneSeco		CODE           	67C2	0000	152
		_vscp_sendEvent		CODE           	6C42	0000	62
		_vscp_check_pst		CODE           	6D2C	0000	56
		_vscp_writeStdR		CODE           	5B68	0000	382
		_vscp_handlePro		CODE           	1EAE	0000	3618
		_vscp_handleDro		CODE           	6B72	0000	76
		_vscp_handleSet		CODE           	6CBC	0000	56
		_vscp_handlePro		CODE           	5E5A	0000	370
		_vscp_sendHeart		CODE           	6D64	0000	54
		_vscp_newNodeOn		CODE           	6BBE	0000	68
		_vscp_init     		CODE           	661E	0000	250

../../vscp_firmware/common/vscp_firmware.c estimated size: 5984

C:\Program Files (x86)\Microchip\xc8\v1.21\sources\pic18\plib\EEP\write_B.c
		_Write_b_eep   		CODE           	6C80	0000	60

C:\Program Files (x86)\Microchip\xc8\v1.21\sources\pic18\plib\EEP\write_B.c estimated size: 60

C:\Program Files (x86)\Microchip\xc8\v1.21\sources\pic18\plib\Timers\t0open.c
		_OpenTimer0    		CODE           	6E86	0000	30

C:\Program Files (x86)\Microchip\xc8\v1.21\sources\pic18\plib\Timers\t0open.c estimated size: 30

C:\Program Files (x86)\Microchip\xc8\v1.21\sources\pic18\plib\EEP\busy_eep.c
		_Busy_eep      		CODE           	7020	0000	6

C:\Program Files (x86)\Microchip\xc8\v1.21\sources\pic18\plib\EEP\busy_eep.c estimated size: 6

C:\Program Files (x86)\Microchip\xc8\v1.21\sources\common\awmod.c
		___awmod       		CODE           	697C	0000	124

C:\Program Files (x86)\Microchip\xc8\v1.21\sources\common\awmod.c estimated size: 124

