Microchip MPLAB XC8 Compiler V1.21 ()

Linker command line:

--edf=C:\Program Files (x86)\Microchip\xc8\v1.21\dat\en_msgs.txt -cs \
  -h+dist/bejing_2580_relocated/production\Bejing.X.production.sym \
  --cmf=dist/bejing_2580_relocated/production\Bejing.X.production.cmf -z \
  -Q18F2580 -oC:\Users\GRODAN~1\AppData\Local\Temp\s6po.6 \
  -Mdist/bejing_2580_relocated/production/Bejing.X.production.map -E1 \
  -ver=XC8 -ACODE=0800h-07FFFh -ACONST=0800h-07FFFh \
  -ASMALLCONST=0800h-08FFhx120 -AMEDIUMCONST=0800h-07FFFh -ACOMRAM=01h-05Fh \
  -AABS1=00h-05FFh -ABIGRAM=01h-05FFh -ARAM=060h-0FFh,0100h-01FFhx5 \
  -ABANK0=060h-0FFh -ABANK1=0100h-01FFh -ABANK2=0200h-02FFh \
  -ABANK3=0300h-03FFh -ABANK4=0400h-04FFh -ABANK5=0500h-05FFh \
  -ASFR=0D00h-0DFFhx2,0F00h-0F5Fh,0F60h-0FFFh \
  -preset_vec=0800h,intcode,intcodelo=0818h,powerup,init,end_init \
  -pramtop=0600h -psmallconst=SMALLCONST -pmediumconst=MEDIUMCONST \
  -pconst=CONST -AFARRAM=00h-00h -ACONFIG=0300000h-030000Dh -pconfig=CONFIG \
  -AIDLOC=0200000h-0200007h -pidloc=IDLOC -AEEDATA=0F00000h-0F000FFh \
  -peeprom_data=EEDATA \
  -prdata=COMRAM,nvrram=COMRAM,nvbit=COMRAM,rbss=COMRAM,rbit=COMRAM \
  -pfarbss=FARRAM,fardata=FARRAM,nvFARRAM=FARRAM \
  -pintsave_regs=BIGRAM,bigbss=BIGRAM,bigdata=BIGRAM -pbss=RAM \
  -pidata=CODE,irdata=CODE,ibigdata=CODE,ifardata=CODE \
  C:\Users\GRODAN~1\AppData\Local\Temp\s6po.obj \
  dist/bejing_2580_relocated/production\Bejing.X.production.obj 

Object code version is 3.11

Machine type is 18F2580

Call graph: (short form)




                Name                               Link     Load   Length Selector   Space Scale
C:\Users\GRODAN~1\AppData\Local\Temp\s6po.obj
                end_init                            8C6      8C6        4      40C       0
                reset_vec                           800      800        4      400       0
                idloc                            200000   200000        8   200000       0
                config                           300000   300000        E   300000       0
dist/bejing_2580_relocated/production\Bejing.X.production.obj
                intcodelo                           818      818       AE      40C       0
                smallconst                          8CA      8CA       22      465       0
                text80                             4FC2     4FC2       12      476       0
                text78                             4FB0     4FB0       12      476       0
                text77                             38F4     38F4      1AA      476       0
                text76                             4F08     4F08       18      476       0
                text75                             4892     4892       96      476       0
                text74                             4F9E     4F9E       12      476       0
                text73                             4E64     4E64       1E      476       0
                text72                             4AFA     4AFA       44      476       0
                text71                             5018     5018        6      476       0
                text70                             4BBE     4BBE       34      476       0
                text69                             4F4C     4F4C       16      476       0
                text68                             5006     5006        A      476       0
                text67                             4F36     4F36       16      476       0
                text66                             4F20     4F20       16      476       0
                text65                             4DE0     4DE0       24      476       0
                text64                             49A0     49A0       76      476       0
                text63                             3C08     3C08      164      476       0
                text62                             3538     3538      20E      476       0
                text61                             4C7C     4C7C       2C      476       0
                text60                             4928     4928       78      476       0
                text59                             4CD2     4CD2       2A      476       0
                text58                             3ECA     3ECA      150      476       0
                text57                             3A9E     3A9E      16A      476       0
                text56                             4B3E     4B3E       42      476       0
                text55                             47DC     47DC       B6      476       0
                text54                             4D96     4D96       26      476       0
                text53                             4E46     4E46       1E      476       0
                text52                             4722     4722       BA      476       0
                text51                             4EBA     4EBA       1C      476       0
                text50                             4E26     4E26       20      476       0
                text49                             4B80     4B80       3E      476       0
                text48                             4DBC     4DBC       24      476       0
                text47                             4FFC     4FFC        A      476       0
                text46                             4AB6     4AB6       44      476       0
                text45                             4BF2     4BF2       30      476       0
                text44                             4CA8     4CA8       2A      476       0
                text43                             502E     502E        2      476       0
                text42                             502C     502C        2      476       0
                text41                             502A     502A        2      476       0
                text40                             4F8A     4F8A       14      476       0
                text39                             4EF0     4EF0       18      476       0
                text38                             4F76     4F76       14      476       0
                text37                             4F62     4F62       14      476       0
                text36                             5028     5028        2      476       0
                text35                             5026     5026        2      476       0
                text34                             4FF2     4FF2        A      476       0
                text33                             4FE8     4FE8        A      476       0
                text32                             5024     5024        2      476       0
                text31                             3746     3746      1AE      476       0
                text30                             4ED6     4ED6       1A      476       0
                text29                             4A16     4A16       52      476       0
                text28                             2B5A     2B5A      46C      476       0
                text27                              8EC      8EC      F90      476       0
                text26                             4D70     4D70       26      476       0
                text25                             4D4A     4D4A       26      476       0
                text24                             4E9E     4E9E       1C      476       0
                text23                             3D6C     3D6C      15E      476       0
                text22                             4C50     4C50       2C      476       0
                text21                             2FC6     2FC6      2BE      476       0
                text20                             5010     5010        8      476       0
                text19                             4270     4270      106      476       0
                text18                             4E04     4E04       22      476       0
                text17                             4CFC     4CFC       28      476       0
                text16                             1FAA     1FAA      63E      476       0
                text15                             464C     464C       D6      476       0
                text14                             414E     414E      122      476       0
                text13                             401A     401A      134      476       0
                text12                             4376     4376      100      476       0
                text11                             456E     456E       DE      476       0
                text10                             4E82     4E82       1C      476       0
                text9                              4476     4476       F8      476       0
                text8                              3284     3284      2B4      476       0
                text7                              501E     501E        4      476       0
                text6                              4FDE     4FDE        A      476       0
                text5                              4FD4     4FD4        A      476       0
                text4                              4D24     4D24       26      476       0
                text3                              4A68     4A68       4E      476       0
                text2                              187C     187C      72E      476       0
                text1                              5022     5022        2      476       0
                text0                              25E8     25E8      572      476       0
                cstackCOMRAM                          1        1       51        1       1
                cstackBANK0                          B7       B7       46       60       1
                bssBANK1                            100      100       14      100       1
                bssBANK0                             60       60       57       60       1
                bssCOMRAM                            52       52        7        1       1
                cinit                              4C22     4C22       2E      476       0

TOTAL           Name                               Link     Load   Length     Space
        CLASS   CODE           
                end_init                            8C6      8C6        4         0
                intcodelo                           818      818       AE         0
                reset_vec                           800      800        4         0
                text80                             4FC2     4FC2       12         0
                text78                             4FB0     4FB0       12         0
                text77                             38F4     38F4      1AA         0
                text76                             4F08     4F08       18         0
                text75                             4892     4892       96         0
                text74                             4F9E     4F9E       12         0
                text73                             4E64     4E64       1E         0
                text72                             4AFA     4AFA       44         0
                text71                             5018     5018        6         0
                text70                             4BBE     4BBE       34         0
                text69                             4F4C     4F4C       16         0
                text68                             5006     5006        A         0
                text67                             4F36     4F36       16         0
                text66                             4F20     4F20       16         0
                text65                             4DE0     4DE0       24         0
                text64                             49A0     49A0       76         0
                text63                             3C08     3C08      164         0
                text62                             3538     3538      20E         0
                text61                             4C7C     4C7C       2C         0
                text60                             4928     4928       78         0
                text59                             4CD2     4CD2       2A         0
                text58                             3ECA     3ECA      150         0
                text57                             3A9E     3A9E      16A         0
                text56                             4B3E     4B3E       42         0
                text55                             47DC     47DC       B6         0
                text54                             4D96     4D96       26         0
                text53                             4E46     4E46       1E         0
                text52                             4722     4722       BA         0
                text51                             4EBA     4EBA       1C         0
                text50                             4E26     4E26       20         0
                text49                             4B80     4B80       3E         0
                text48                             4DBC     4DBC       24         0
                text47                             4FFC     4FFC        A         0
                text46                             4AB6     4AB6       44         0
                text45                             4BF2     4BF2       30         0
                text44                             4CA8     4CA8       2A         0
                text43                             502E     502E        2         0
                text42                             502C     502C        2         0
                text41                             502A     502A        2         0
                text40                             4F8A     4F8A       14         0
                text39                             4EF0     4EF0       18         0
                text38                             4F76     4F76       14         0
                text37                             4F62     4F62       14         0
                text36                             5028     5028        2         0
                text35                             5026     5026        2         0
                text34                             4FF2     4FF2        A         0
                text33                             4FE8     4FE8        A         0
                text32                             5024     5024        2         0
                text31                             3746     3746      1AE         0
                text30                             4ED6     4ED6       1A         0
                text29                             4A16     4A16       52         0
                text28                             2B5A     2B5A      46C         0
                text27                              8EC      8EC      F90         0
                text26                             4D70     4D70       26         0
                text25                             4D4A     4D4A       26         0
                text24                             4E9E     4E9E       1C         0
                text23                             3D6C     3D6C      15E         0
                text22                             4C50     4C50       2C         0
                text21                             2FC6     2FC6      2BE         0
                text20                             5010     5010        8         0
                text19                             4270     4270      106         0
                text18                             4E04     4E04       22         0
                text17                             4CFC     4CFC       28         0
                text16                             1FAA     1FAA      63E         0
                text15                             464C     464C       D6         0
                text14                             414E     414E      122         0
                text13                             401A     401A      134         0
                text12                             4376     4376      100         0
                text11                             456E     456E       DE         0
                text10                             4E82     4E82       1C         0
                text9                              4476     4476       F8         0
                text8                              3284     3284      2B4         0
                text7                              501E     501E        4         0
                text6                              4FDE     4FDE        A         0
                text5                              4FD4     4FD4        A         0
                text4                              4D24     4D24       26         0
                text3                              4A68     4A68       4E         0
                text2                              187C     187C      72E         0
                text1                              5022     5022        2         0
                text0                              25E8     25E8      572         0
                cinit                              4C22     4C22       2E         0

        CLASS   CONST          

        CLASS   SMALLCONST     
                smallconst                          8CA      8CA       22         0

        CLASS   MEDIUMCONST    

        CLASS   COMRAM         
                cstackCOMRAM                          1        1       51         1
                bssCOMRAM                            52       52        7         1

        CLASS   ABS1           

        CLASS   BIGRAM         

        CLASS   RAM            

        CLASS   BANK0          
                cstackBANK0                          B7       B7       46         1
                bssBANK0                             60       60       57         1

        CLASS   BANK1          
                bssBANK1                            100      100       14         1

        CLASS   BANK2          

        CLASS   BANK3          

        CLASS   BANK4          

        CLASS   BANK5          

        CLASS   SFR            

        CLASS   FARRAM         

        CLASS   CONFIG         
                config                           300000   300000        E         0

        CLASS   IDLOC          
                idloc                            200000   200000        8         0

        CLASS   EEDATA         



SEGMENTS        Name                           Load    Length   Top    Selector   Space  Class

                cstackCOMRAM                   000001  000058  000059         1       1  COMRAM  
                bssBANK0                       000060  00009D  0000FD        60       1  BANK0   
                bssBANK1                       000100  000014  000114       100       1  BANK1   
                reset_vec                      000800  000004  000804       400       0  CODE    
                intcodelo                      000818  0000B2  0008CA       40C       0  CODE    
                smallconst                     0008CA  000022  0008EC       465       0  SMALLCON
                text27                         0008EC  004744  005030       476       0  CODE    
                idloc                          200000  000008  200008    200000       0  IDLOC   
                config                         300000  00000E  30000E    300000       0  CONFIG  


UNUSED ADDRESS RANGES

        Name                Unused          Largest block    Delta
        BANK0            0000FD-0000FF                3
        BANK1            000114-0001FF               EC
        BANK2            000200-0002FF              100
        BANK3            000300-0003FF              100
        BANK4            000400-0004FF              100
        BANK5            000500-0005FF              100
        BIGRAM           000059-00005F                7
                         0000FD-0000FF                3
                         000114-0005FF              4EC
        CODE             000804-000817               14
                         005030-007FFF             2FD0
        COMRAM           000059-00005F                7
        CONST            000804-000817               14
                         005030-007FFF             2FD0
        EEDATA           F00000-F000FF              100
        FARRAM           000000-000000                1
        MEDIUMCONST      000804-000817               14
                         005030-007FFF             2FD0
        RAM              0000FD-0000FF                3
                         000114-0005FF              100
        SFR              000D00-000FFF              100
        SMALLCONST       000804-000817               14
                         005030-007FFF              100

                                  Symbol Table

?_ECANReceiveMessage                     cstackCOMRAM 00000F
?_ECANSendMessage                        cstackCOMRAM 000012
?_Read_b_eep                             cstackCOMRAM 000008
?_SendInformationEvent                   cstackBANK0  0000CB
?_WriteTimer0                            cstackCOMRAM 000008
?_Write_b_eep                            cstackCOMRAM 000008
?__CANIDToRegs                           cstackCOMRAM 000008
?__ECANPointBuffer                       cstackCOMRAM 000008
?__RegsToCANID                           cstackCOMRAM 000008
?___lbmod                                cstackCOMRAM 000008
?_doActionOff                            cstackCOMRAM 00004F
?_doActionOn                             cstackCOMRAM 00004F
?_doActionPulseOff                       cstackCOMRAM 00004F
?_doActionPulseOn                        cstackCOMRAM 00004F
?_doActionStatus                         cstackCOMRAM 00004F
?_doActionStatusAll                      cstackBANK0  0000CD
?_doActionToggle                         cstackCOMRAM 00004F
?_getCANFrame                            cstackCOMRAM 00001A
?_getVSCPFrame                           cstackCOMRAM 00001E
?_memset                                 cstackCOMRAM 000008
?_sendCANFrame                           cstackCOMRAM 000037
?_sendVSCPFrame                          cstackCOMRAM 00003F
?_vscp_getFamilyCode                     cstackCOMRAM 000008
?_vscp_getFamilyType                     cstackCOMRAM 000008
?_vscp_sendHeartBeat                     cstackBANK0  0000CB
?_vscp_setGUID                           cstackCOMRAM 00000C
?_vscp_setManufacturerId                 cstackCOMRAM 00000C
?_vscp_setUserID                         cstackCOMRAM 00000C
?_vscp_writeAppReg                       cstackCOMRAM 00004F
?_vscp_writeRegister                     cstackBANK0  0000D9
?_vscp_writeStdReg                       cstackCOMRAM 000036
?i1_WriteTimer0                          cstackCOMRAM 000001
ECANReceiveMessage@data                  cstackCOMRAM 00000F
ECANReceiveMessage@dataLen               cstackCOMRAM 000010
ECANReceiveMessage@i                     cstackCOMRAM 000015
ECANReceiveMessage@id                    cstackCOMRAM 000014
ECANReceiveMessage@mode                  cstackCOMRAM 000016
ECANReceiveMessage@msgFlags              cstackCOMRAM 000011
ECANReceiveMessage@ptr                   cstackCOMRAM 000018
ECANReceiveMessage@savedPtr              cstackCOMRAM 000012
ECANReceiveMessage@temp                  cstackCOMRAM 000017
ECANSendMessage@buffers                  cstackCOMRAM 00002E
ECANSendMessage@data                     cstackCOMRAM 000016
ECANSendMessage@dataLen                  cstackCOMRAM 000018
ECANSendMessage@i                        cstackCOMRAM 000034
ECANSendMessage@id                       cstackCOMRAM 000012
ECANSendMessage@j                        cstackCOMRAM 00002F
ECANSendMessage@mode                     cstackCOMRAM 00002D
ECANSendMessage@msgFlags                 cstackCOMRAM 000019
ECANSendMessage@pb                       cstackCOMRAM 00001B
ECANSendMessage@ptr                      cstackCOMRAM 000035
ECANSendMessage@temp                     cstackCOMRAM 000033
ECANSendMessage@tempBSEL0                cstackCOMRAM 000030
ECANSendMessage@tempPtr                  cstackCOMRAM 000031
ECANSetOperationMode@mode                cstackCOMRAM 000008
OpenTimer0@config                        cstackCOMRAM 000008
Read_b_eep@badd                          cstackCOMRAM 000008
SendInformationEvent@data                cstackCOMRAM 00004B
SendInformationEvent@eventClass          cstackBANK0  0000CB
SendInformationEvent@eventTypeId         cstackBANK0  0000CC
SendInformationEvent@idx                 cstackCOMRAM 00004E
WriteTimer0@timer                        cstackCOMRAM 00000A
WriteTimer0@timer0                       cstackCOMRAM 000008
Write_b_eep@GIE_BIT_VAL                  cstackCOMRAM 00000B
Write_b_eep@badd                         cstackCOMRAM 000008
Write_b_eep@bdat                         cstackCOMRAM 00000A
_ADCON1                                  (abs)        000FC1
_B0CON                                   (abs)        000E20
_B0RXFUL                                 (abs)        007107
_B0TXEN                                  (abs)        006FC2
_B1CON                                   (abs)        000E30
_B1RXFUL                                 (abs)        007187
_B1TXEN                                  (abs)        006FC3
_B2CON                                   (abs)        000E40
_B2RXFUL                                 (abs)        007207
_B2TXEN                                  (abs)        006FC4
_B3CON                                   (abs)        000E50
_B3RXFUL                                 (abs)        007287
_B3TXEN                                  (abs)        006FC5
_B4CON                                   (abs)        000E60
_B4RXFUL                                 (abs)        007307
_B4TXEN                                  (abs)        006FC6
_B5CON                                   (abs)        000E70
_B5RXFUL                                 (abs)        007387
_B5TXEN                                  (abs)        006FC7
_BRGCON1                                 (abs)        000F70
_BRGCON2                                 (abs)        000F71
_BRGCON3                                 (abs)        000F72
_BSEL0                                   (abs)        000DF8
_Busy_eep                                text71       005018
_CANCON                                  (abs)        000F6F
_CIOCON                                  (abs)        000F73
_ECANCON                                 (abs)        000F77
_ECANInitialize                          text75       004892
_ECANReceiveMessage                      text62       003538
_ECANSendMessage                         text57       003A9E
_ECANSetOperationMode                    text76       004F08
_EEADR                                   (abs)        000FA9
_EECON1bits                              (abs)        000FA6
_EECON2                                  (abs)        000FA7
_EEDATA                                  (abs)        000FA8
_FIFOEMPTY                               (abs)        007BA7
_INTCON2bits                             (abs)        000FF1
_INTCONbits                              (abs)        000FF2
_IRXIF                                   (abs)        007D27
_MDSEL0                                  (abs)        007BBE
_MDSEL1                                  (abs)        007BBF
_MSEL0                                   (abs)        000DF0
_MSEL1                                   (abs)        000DF1
_MSEL2                                   (abs)        000DF2
_OpenTimer0                              text73       004E64
_PORTA                                   (abs)        000F80
_PORTAbits                               (abs)        000F80
_PORTB                                   (abs)        000F81
_PORTBbits                               (abs)        000F81
_PORTC                                   (abs)        000F82
_PORTCbits                               (abs)        000F82
_RXB0CON                                 (abs)        000F60
_RXB0FILHIT0                             (abs)        007B00
_RXB0FUL                                 (abs)        007B07
_RXB0IF                                  (abs)        007D20
_RXB0OVFL                                (abs)        007BA7
_RXB1CON                                 (abs)        000F50
_RXB1CONbits                             (abs)        000F50
_RXB1IF                                  (abs)        007D21
_RXB1OVFL                                (abs)        007BA6
_RXF0EIDH                                (abs)        000F02
_RXF0EIDL                                (abs)        000F03
_RXF0SIDH                                (abs)        000F00
_RXF0SIDL                                (abs)        000F01
_RXF1EIDH                                (abs)        000F06
_RXF1EIDL                                (abs)        000F07
_RXF1EN                                  (abs)        006EA1
_RXF1SIDH                                (abs)        000F04
_RXF1SIDL                                (abs)        000F05
_RXFBCON0                                (abs)        000DE0
_RXFBCON1                                (abs)        000DE1
_RXFBCON2                                (abs)        000DE2
_RXFBCON3                                (abs)        000DE3
_RXFBCON4                                (abs)        000DE4
_RXFBCON5                                (abs)        000DE5
_RXFBCON6                                (abs)        000DE6
_RXFBCON7                                (abs)        000DE7
_RXFCON0                                 (abs)        000DD4
_RXFCON1                                 (abs)        000DD5
_RXM0EIDH                                (abs)        000F1A
_RXM0EIDL                                (abs)        000F1B
_RXM0EXIDM                               (abs)        0078CB
_RXM0SIDH                                (abs)        000F18
_RXM0SIDL                                (abs)        000F19
_RXM1EIDH                                (abs)        000F1E
_RXM1EIDL                                (abs)        000F1F
_RXM1EXIDEN                              (abs)        0078EB
_RXM1SIDH                                (abs)        000F1C
_RXM1SIDL                                (abs)        000F1D
_Read_b_eep                              text78       004FB0
_SendInformationEvent                    text29       004A16
_T0CON                                   (abs)        000FD5
_T0CONbits                               (abs)        000FD5
_TMR0H                                   (abs)        000FD7
_TMR0L                                   (abs)        000FD6
_TRISA                                   (abs)        000F92
_TRISAbits                               (abs)        000F92
_TRISB                                   (abs)        000F93
_TRISBbits                               (abs)        000F93
_TRISC                                   (abs)        000F94
_TRISCbits                               (abs)        000F94
_TXB0CON                                 (abs)        000F40
_TXB1CON                                 (abs)        000F30
_TXB2CON                                 (abs)        000F20
_WriteTimer0                             text74       004F9E
_Write_b_eep                             text70       004BBE
__CANIDToRegs                            text58       003ECA
__CANIDToRegs@Value                      cstackCOMRAM 000011
__CANIDToRegs@ptr                        cstackCOMRAM 000008
__CANIDToRegs@type                       cstackCOMRAM 00000E
__CANIDToRegs@val                        cstackCOMRAM 00000A
__CFG_BOREN$BOACTIVE                     (abs)        000000
__CFG_BORV$3                             (abs)        000000
__CFG_CPB$OFF                            (abs)        000000
__CFG_EBTR0$OFF                          (abs)        000000
__CFG_EBTR1$OFF                          (abs)        000000
__CFG_EBTR2$OFF                          (abs)        000000
__CFG_EBTR3$OFF                          (abs)        000000
__CFG_EBTRB$OFF                          (abs)        000000
__CFG_LVP$OFF                            (abs)        000000
__CFG_OSC$HSPLL                          (abs)        000000
__CFG_PWRT$ON                            (abs)        000000
__CFG_STVREN$ON                          (abs)        000000
__CFG_WDT$OFF                            (abs)        000000
__CFG_WRTD$OFF                           (abs)        000000
__ECANPointBuffer                        text64       0049A0
__ECANPointBuffer@b                      cstackCOMRAM 00000B
__ECANPointBuffer@pt                     cstackCOMRAM 00000C
__ECANRxFilterHitInfo                    bssCOMRAM    000054
__HRAM                                   (abs)        000000
__Habs1                                  abs1         000000
__Hbank0                                 bank0        000000
__Hbank1                                 bank1        000000
__Hbank2                                 bank2        000000
__Hbank3                                 bank3        000000
__Hbank4                                 bank4        000000
__Hbank5                                 bank5        000000
__Hbigbss                                bigbss       000000
__Hbigdata                               bigdata      000000
__Hbigram                                bigram       000000
__Hbss                                   bss          000000
__HbssBANK0                              bssBANK0     000000
__HbssBANK1                              bssBANK1     000000
__HbssCOMRAM                             bssCOMRAM    000000
__Hcinit                                 cinit        000000
__Hclrtext                               clrtext      000000
__Hcomram                                comram       000000
__Hconfig                                config       30000E
__Hconst                                 const        000000
__HcstackBANK0                           cstackBANK0  000000
__HcstackCOMRAM                          cstackCOMRAM 000000
__Hdata                                  data         000000
__Heeprom_data                           eeprom_data  000000
__Hend_init                              end_init     0008CA
__Hfarbss                                farbss       000000
__Hfardata                               fardata      000000
__Hibigdata                              ibigdata     000000
__Hidata                                 idata        000000
__Hidloc                                 idloc        200008
__Hifardata                              ifardata     000000
__Hinit                                  init         0008C6
__Hintcode                               intcode      000804
__Hintcode_body                          intcode_body 000000
__Hintcodelo                             intcodelo    0008C6
__Hintentry                              intentry     000000
__Hintret                                intret       000000
__Hintsave_regs                          intsave_regs 000000
__Hirdata                                irdata       000000
__Hmediumconst                           mediumconst  000000
__HnvFARRAM                              nvFARRAM     000000
__Hnvbit                                 nvbit        000000
__Hnvrram                                nvrram       000000
__Hparam                                 rparam       000000
__Hpowerup                               powerup      0008C6
__Hram                                   ram          000000
__Hramtop                                ramtop       000600
__Hrbit                                  rbit         000000
__Hrbss                                  rbss         000000
__Hrdata                                 rdata        000000
__Hreset_vec                             reset_vec    000804
__Hrparam                                rparam       000000
__Hsfr                                   sfr          000000
__Hsmallconst                            smallconst   0008EC
__Hstruct                                struct       000000
__Htemp                                  temp         000000
__Htext                                  text         000000
__Htext0                                 text0        000000
__Htext1                                 text1        000000
__Htext10                                text10       000000
__Htext11                                text11       000000
__Htext12                                text12       000000
__Htext13                                text13       000000
__Htext14                                text14       000000
__Htext15                                text15       000000
__Htext16                                text16       000000
__Htext17                                text17       000000
__Htext18                                text18       000000
__Htext19                                text19       000000
__Htext2                                 text2        000000
__Htext20                                text20       000000
__Htext21                                text21       000000
__Htext22                                text22       000000
__Htext23                                text23       000000
__Htext24                                text24       000000
__Htext25                                text25       000000
__Htext26                                text26       000000
__Htext27                                text27       000000
__Htext28                                text28       000000
__Htext29                                text29       000000
__Htext3                                 text3        000000
__Htext30                                text30       000000
__Htext31                                text31       000000
__Htext32                                text32       000000
__Htext33                                text33       000000
__Htext34                                text34       000000
__Htext35                                text35       000000
__Htext36                                text36       000000
__Htext37                                text37       000000
__Htext38                                text38       000000
__Htext39                                text39       000000
__Htext4                                 text4        000000
__Htext40                                text40       000000
__Htext41                                text41       000000
__Htext42                                text42       000000
__Htext43                                text43       000000
__Htext44                                text44       000000
__Htext45                                text45       000000
__Htext46                                text46       000000
__Htext47                                text47       000000
__Htext48                                text48       000000
__Htext49                                text49       000000
__Htext5                                 text5        000000
__Htext50                                text50       000000
__Htext51                                text51       000000
__Htext52                                text52       000000
__Htext53                                text53       000000
__Htext54                                text54       000000
__Htext55                                text55       000000
__Htext56                                text56       000000
__Htext57                                text57       000000
__Htext58                                text58       000000
__Htext59                                text59       000000
__Htext6                                 text6        000000
__Htext60                                text60       000000
__Htext61                                text61       000000
__Htext62                                text62       000000
__Htext63                                text63       000000
__Htext64                                text64       000000
__Htext65                                text65       000000
__Htext66                                text66       000000
__Htext67                                text67       000000
__Htext68                                text68       000000
__Htext69                                text69       000000
__Htext7                                 text7        000000
__Htext70                                text70       000000
__Htext71                                text71       000000
__Htext72                                text72       000000
__Htext73                                text73       000000
__Htext74                                text74       000000
__Htext75                                text75       000000
__Htext76                                text76       000000
__Htext77                                text77       000000
__Htext78                                text78       000000
__Htext8                                 text8        000000
__Htext80                                text80       000000
__Htext9                                 text9        000000
__LRAM                                   (abs)        000001
__Labs1                                  abs1         000000
__Lbank0                                 bank0        000000
__Lbank1                                 bank1        000000
__Lbank2                                 bank2        000000
__Lbank3                                 bank3        000000
__Lbank4                                 bank4        000000
__Lbank5                                 bank5        000000
__Lbigbss                                bigbss       000000
__Lbigdata                               bigdata      000000
__Lbigram                                bigram       000000
__Lbss                                   bss          000000
__LbssBANK0                              bssBANK0     000000
__LbssBANK1                              bssBANK1     000000
__LbssCOMRAM                             bssCOMRAM    000000
__Lcinit                                 cinit        000000
__Lclrtext                               clrtext      000000
__Lcomram                                comram       000000
__Lconfig                                config       300000
__Lconst                                 const        000000
__LcstackBANK0                           cstackBANK0  000000
__LcstackCOMRAM                          cstackCOMRAM 000000
__Ldata                                  data         000000
__Leeprom_data                           eeprom_data  000000
__Lend_init                              end_init     0008C6
__Lfarbss                                farbss       000000
__Lfardata                               fardata      000000
__Libigdata                              ibigdata     000000
__Lidata                                 idata        000000
__Lidloc                                 idloc        200000
__Lifardata                              ifardata     000000
__Linit                                  init         0008C6
__Lintcode                               intcode      000804
__Lintcode_body                          intcode_body 000000
__Lintcodelo                             intcodelo    000818
__Lintentry                              intentry     000000
__Lintret                                intret       000000
__Lintsave_regs                          intsave_regs 000000
__Lirdata                                irdata       000000
__Lmediumconst                           mediumconst  000000
__LnvFARRAM                              nvFARRAM     000000
__Lnvbit                                 nvbit        000000
__Lnvrram                                nvrram       000000
__Lparam                                 rparam       000000
__Lpowerup                               powerup      0008C6
__Lram                                   ram          000000
__Lramtop                                ramtop       000600
__Lrbit                                  rbit         000000
__Lrbss                                  rbss         000000
__Lrdata                                 rdata        000000
__Lreset_vec                             reset_vec    000800
__Lrparam                                rparam       000000
__Lsfr                                   sfr          000000
__Lsmallconst                            smallconst   0008CA
__Lstruct                                struct       000000
__Ltemp                                  temp         000000
__Ltext                                  text         000000
__Ltext0                                 text0        000000
__Ltext1                                 text1        000000
__Ltext10                                text10       000000
__Ltext11                                text11       000000
__Ltext12                                text12       000000
__Ltext13                                text13       000000
__Ltext14                                text14       000000
__Ltext15                                text15       000000
__Ltext16                                text16       000000
__Ltext17                                text17       000000
__Ltext18                                text18       000000
__Ltext19                                text19       000000
__Ltext2                                 text2        000000
__Ltext20                                text20       000000
__Ltext21                                text21       000000
__Ltext22                                text22       000000
__Ltext23                                text23       000000
__Ltext24                                text24       000000
__Ltext25                                text25       000000
__Ltext26                                text26       000000
__Ltext27                                text27       000000
__Ltext28                                text28       000000
__Ltext29                                text29       000000
__Ltext3                                 text3        000000
__Ltext30                                text30       000000
__Ltext31                                text31       000000
__Ltext32                                text32       000000
__Ltext33                                text33       000000
__Ltext34                                text34       000000
__Ltext35                                text35       000000
__Ltext36                                text36       000000
__Ltext37                                text37       000000
__Ltext38                                text38       000000
__Ltext39                                text39       000000
__Ltext4                                 text4        000000
__Ltext40                                text40       000000
__Ltext41                                text41       000000
__Ltext42                                text42       000000
__Ltext43                                text43       000000
__Ltext44                                text44       000000
__Ltext45                                text45       000000
__Ltext46                                text46       000000
__Ltext47                                text47       000000
__Ltext48                                text48       000000
__Ltext49                                text49       000000
__Ltext5                                 text5        000000
__Ltext50                                text50       000000
__Ltext51                                text51       000000
__Ltext52                                text52       000000
__Ltext53                                text53       000000
__Ltext54                                text54       000000
__Ltext55                                text55       000000
__Ltext56                                text56       000000
__Ltext57                                text57       000000
__Ltext58                                text58       000000
__Ltext59                                text59       000000
__Ltext6                                 text6        000000
__Ltext60                                text60       000000
__Ltext61                                text61       000000
__Ltext62                                text62       000000
__Ltext63                                text63       000000
__Ltext64                                text64       000000
__Ltext65                                text65       000000
__Ltext66                                text66       000000
__Ltext67                                text67       000000
__Ltext68                                text68       000000
__Ltext69                                text69       000000
__Ltext7                                 text7        000000
__Ltext70                                text70       000000
__Ltext71                                text71       000000
__Ltext72                                text72       000000
__Ltext73                                text73       000000
__Ltext74                                text74       000000
__Ltext75                                text75       000000
__Ltext76                                text76       000000
__Ltext77                                text77       000000
__Ltext78                                text78       000000
__Ltext8                                 text8        000000
__Ltext80                                text80       000000
__Ltext9                                 text9        000000
__RegsToCANID                            text63       003C08
__RegsToCANID@Value                      cstackCOMRAM 00000E
__RegsToCANID@ptr                        cstackCOMRAM 000008
__RegsToCANID@type                       cstackCOMRAM 00000B
__RegsToCANID@val                        cstackCOMRAM 00000A
__S0                                     (abs)        30000E
__S1                                     (abs)        000114
___lbmod                                 text17       004CFC
___lbmod@counter                         cstackCOMRAM 00000A
___lbmod@dividend                        cstackCOMRAM 000009
___lbmod@divisor                         cstackCOMRAM 000008
___lbmod@rem                             cstackCOMRAM 00000B
__accesstop                              (abs)        000060
__activetblptr                           (abs)        000002
__end_of_Busy_eep                        text71       00501E
__end_of_ECANInitialize                  text75       004928
__end_of_ECANReceiveMessage              text62       003746
__end_of_ECANSendMessage                 text57       003C08
__end_of_ECANSetOperationMode            text76       004F20
__end_of_OpenTimer0                      text73       004E82
__end_of_Read_b_eep                      text78       004FC2
__end_of_SendInformationEvent            text29       004A68
__end_of_WriteTimer0                     text74       004FB0
__end_of_Write_b_eep                     text70       004BF2
__end_of__CANIDToRegs                    text58       00401A
__end_of__ECANPointBuffer                text64       004A16
__end_of__RegsToCANID                    text63       003D6C
__end_of___lbmod                         text17       004D24
__end_of__initialization                 cinit        004C46
__end_of_calculateSetFilterMask          text28       002FC6
__end_of_doActionOff                     text15       004722
__end_of_doActionOn                      text14       004270
__end_of_doActionPulseOff                text12       004476
__end_of_doActionPulseOn                 text13       00414E
__end_of_doActionStatus                  text11       00464C
__end_of_doActionStatusAll               text10       004E9E
__end_of_doActionToggle                  text9        00456E
__end_of_doApplicationOneSecondWork      text2        001FAA
__end_of_doDM                            text8        003538
__end_of_doWork                          text1        005024
__end_of_getCANFrame                     text61       004CA8
__end_of_getVSCPFrame                    text60       0049A0
__end_of_init                            text72       004B3E
__end_of_init_app_eeprom                 text23       003ECA
__end_of_init_app_ram                    text21       003284
__end_of_interrupt_at_low_vector         intcodelo    0008C6
__end_of_main                            text0        002B5A
__end_of_memset                          text22       004C7C
__end_of_sendCANFrame                    text56       004B80
__end_of_sendVSCPFrame                   text55       004892
__end_of_vscp_check_pstorage             text65       004E04
__end_of_vscp_deviceURL                  smallconst   0008EA
__end_of_vscp_doOneSecondWork            text3        004AB6
__end_of_vscp_error                      text7        005022
__end_of_vscp_getBootLoaderAlgorithm     text36       00502A
__end_of_vscp_getBufferSize              text35       005028
__end_of_vscp_getEvent                   text59       004CFC
__end_of_vscp_getFamilyCode              text34       004FFC
__end_of_vscp_getFamilyType              text33       004FF2
__end_of_vscp_getGUID                    text40       004F9E
__end_of_vscp_getMDF_URL                 text39       004F08
__end_of_vscp_getMajorVersion            text43       005030
__end_of_vscp_getManufacturerId          text37       004F76
__end_of_vscp_getMatrixInfo              text50       004E46
__end_of_vscp_getMinorVersion            text42       00502E
__end_of_vscp_getRegisterPagesUsed       text32       005026
__end_of_vscp_getSegmentCRC              text68       005010
__end_of_vscp_getSubMinorVersion         text41       00502C
__end_of_vscp_getSubzone                 text5        004FDE
__end_of_vscp_getUserID                  text38       004F8A
__end_of_vscp_getZone                    text6        004FE8
__end_of_vscp_goActiveState              text53       004E64
__end_of_vscp_goBootloaderMode           text51       004ED6
__end_of_vscp_handleDropNickname         text45       004C22
__end_of_vscp_handleHeartbeat            text49       004BBE
__end_of_vscp_handleProbeState           text52       0047DC
__end_of_vscp_handleProtocolEvent        text16       0025E8
__end_of_vscp_handleSetNickname          text48       004DE0
__end_of_vscp_init                       text46       004AFA
__end_of_vscp_newNodeOnline              text44       004CD2
__end_of_vscp_readAppReg                 text77       003A9E
__end_of_vscp_readNicknamePermanent      text47       005006
__end_of_vscp_readRegister               text30       004EF0
__end_of_vscp_readStdReg                 text31       0038F4
__end_of_vscp_restoreDefaults            text20       005018
__end_of_vscp_sendEvent                  text54       004DBC
__end_of_vscp_sendHeartBeat              text4        004D4A
__end_of_vscp_setControlByte             text66       004F36
__end_of_vscp_setGUID                    text26       004D96
__end_of_vscp_setManufacturerId          text25       004D70
__end_of_vscp_setSegmentCRC              text67       004F4C
__end_of_vscp_setUserID                  text24       004EBA
__end_of_vscp_writeAppReg                text27       00187C
__end_of_vscp_writeNicknamePermanent     text69       004F62
__end_of_vscp_writeRegister              text18       004E26
__end_of_vscp_writeStdReg                text19       004376
__end_ofi1_WriteTimer0                   text80       004FD4
__initialization                         cinit        004C22
__mediumconst                            mediumconst  000000
__pbssBANK0                              bssBANK0     000060
__pbssBANK1                              bssBANK1     000100
__pbssCOMRAM                             bssCOMRAM    000052
__pcinit                                 cinit        004C22
__pcstackBANK0                           cstackBANK0  0000B7
__pcstackCOMRAM                          cstackCOMRAM 000001
__pintcodelo                             intcodelo    000818
__psmallconst                            smallconst   0008CA
__ptext0                                 text0        0025E8
__ptext1                                 text1        005022
__ptext10                                text10       004E82
__ptext11                                text11       00456E
__ptext12                                text12       004376
__ptext13                                text13       00401A
__ptext14                                text14       00414E
__ptext15                                text15       00464C
__ptext16                                text16       001FAA
__ptext17                                text17       004CFC
__ptext18                                text18       004E04
__ptext19                                text19       004270
__ptext2                                 text2        00187C
__ptext20                                text20       005010
__ptext21                                text21       002FC6
__ptext22                                text22       004C50
__ptext23                                text23       003D6C
__ptext24                                text24       004E9E
__ptext25                                text25       004D4A
__ptext26                                text26       004D70
__ptext27                                text27       0008EC
__ptext28                                text28       002B5A
__ptext29                                text29       004A16
__ptext3                                 text3        004A68
__ptext30                                text30       004ED6
__ptext31                                text31       003746
__ptext32                                text32       005024
__ptext33                                text33       004FE8
__ptext34                                text34       004FF2
__ptext35                                text35       005026
__ptext36                                text36       005028
__ptext37                                text37       004F62
__ptext38                                text38       004F76
__ptext39                                text39       004EF0
__ptext4                                 text4        004D24
__ptext40                                text40       004F8A
__ptext41                                text41       00502A
__ptext42                                text42       00502C
__ptext43                                text43       00502E
__ptext44                                text44       004CA8
__ptext45                                text45       004BF2
__ptext46                                text46       004AB6
__ptext47                                text47       004FFC
__ptext48                                text48       004DBC
__ptext49                                text49       004B80
__ptext5                                 text5        004FD4
__ptext50                                text50       004E26
__ptext51                                text51       004EBA
__ptext52                                text52       004722
__ptext53                                text53       004E46
__ptext54                                text54       004D96
__ptext55                                text55       0047DC
__ptext56                                text56       004B3E
__ptext57                                text57       003A9E
__ptext58                                text58       003ECA
__ptext59                                text59       004CD2
__ptext6                                 text6        004FDE
__ptext60                                text60       004928
__ptext61                                text61       004C7C
__ptext62                                text62       003538
__ptext63                                text63       003C08
__ptext64                                text64       0049A0
__ptext65                                text65       004DE0
__ptext66                                text66       004F20
__ptext67                                text67       004F36
__ptext68                                text68       005006
__ptext69                                text69       004F4C
__ptext7                                 text7        00501E
__ptext70                                text70       004BBE
__ptext71                                text71       005018
__ptext72                                text72       004AFA
__ptext73                                text73       004E64
__ptext74                                text74       004F9E
__ptext75                                text75       004892
__ptext76                                text76       004F08
__ptext77                                text77       0038F4
__ptext78                                text78       004FB0
__ptext8                                 text8        003284
__ptext80                                text80       004FC2
__ptext9                                 text9        004476
__ramtop                                 ramtop       000600
__size_of_Busy_eep                       (abs)        000000
__size_of_ECANInitialize                 (abs)        000000
__size_of_ECANReceiveMessage             (abs)        000000
__size_of_ECANSendMessage                (abs)        000000
__size_of_ECANSetOperationMode           (abs)        000000
__size_of_OpenTimer0                     (abs)        000000
__size_of_Read_b_eep                     (abs)        000000
__size_of_SendInformationEvent           (abs)        000000
__size_of_WriteTimer0                    (abs)        000000
__size_of_Write_b_eep                    (abs)        000000
__size_of__CANIDToRegs                   (abs)        000000
__size_of__ECANPointBuffer               (abs)        000000
__size_of__RegsToCANID                   (abs)        000000
__size_of___lbmod                        (abs)        000000
__size_of_calculateSetFilterMask         (abs)        000000
__size_of_doActionOff                    (abs)        000000
__size_of_doActionOn                     (abs)        000000
__size_of_doActionPulseOff               (abs)        000000
__size_of_doActionPulseOn                (abs)        000000
__size_of_doActionStatus                 (abs)        000000
__size_of_doActionStatusAll              (abs)        000000
__size_of_doActionToggle                 (abs)        000000
__size_of_doApplicationOneSecondWork     (abs)        000000
__size_of_doDM                           (abs)        000000
__size_of_doWork                         (abs)        000000
__size_of_getCANFrame                    (abs)        000000
__size_of_getVSCPFrame                   (abs)        000000
__size_of_init                           (abs)        000000
__size_of_init_app_eeprom                (abs)        000000
__size_of_init_app_ram                   (abs)        000000
__size_of_interrupt_at_low_vector        (abs)        000000
__size_of_main                           (abs)        000000
__size_of_memset                         (abs)        000000
__size_of_sendCANFrame                   (abs)        000000
__size_of_sendVSCPFrame                  (abs)        000000
__size_of_vscp_check_pstorage            (abs)        000000
__size_of_vscp_doOneSecondWork           (abs)        000000
__size_of_vscp_error                     (abs)        000000
__size_of_vscp_getBootLoaderAlgorithm    (abs)        000000
__size_of_vscp_getBufferSize             (abs)        000000
__size_of_vscp_getEvent                  (abs)        000000
__size_of_vscp_getFamilyCode             (abs)        000000
__size_of_vscp_getFamilyType             (abs)        000000
__size_of_vscp_getGUID                   (abs)        000000
__size_of_vscp_getMDF_URL                (abs)        000000
__size_of_vscp_getMajorVersion           (abs)        000000
__size_of_vscp_getManufacturerId         (abs)        000000
__size_of_vscp_getMatrixInfo             (abs)        000000
__size_of_vscp_getMinorVersion           (abs)        000000
__size_of_vscp_getRegisterPagesUsed      (abs)        000000
__size_of_vscp_getSegmentCRC             (abs)        000000
__size_of_vscp_getSubMinorVersion        (abs)        000000
__size_of_vscp_getSubzone                (abs)        000000
__size_of_vscp_getUserID                 (abs)        000000
__size_of_vscp_getZone                   (abs)        000000
__size_of_vscp_goActiveState             (abs)        000000
__size_of_vscp_goBootloaderMode          (abs)        000000
__size_of_vscp_handleDropNickname        (abs)        000000
__size_of_vscp_handleHeartbeat           (abs)        000000
__size_of_vscp_handleProbeState          (abs)        000000
__size_of_vscp_handleProtocolEvent       (abs)        000000
__size_of_vscp_handleSetNickname         (abs)        000000
__size_of_vscp_init                      (abs)        000000
__size_of_vscp_newNodeOnline             (abs)        000000
__size_of_vscp_readAppReg                (abs)        000000
__size_of_vscp_readNicknamePermanent     (abs)        000000
__size_of_vscp_readRegister              (abs)        000000
__size_of_vscp_readStdReg                (abs)        000000
__size_of_vscp_restoreDefaults           (abs)        000000
__size_of_vscp_sendEvent                 (abs)        000000
__size_of_vscp_sendHeartBeat             (abs)        000000
__size_of_vscp_setControlByte            (abs)        000000
__size_of_vscp_setGUID                   (abs)        000000
__size_of_vscp_setManufacturerId         (abs)        000000
__size_of_vscp_setSegmentCRC             (abs)        000000
__size_of_vscp_setUserID                 (abs)        000000
__size_of_vscp_writeAppReg               (abs)        000000
__size_of_vscp_writeNicknamePermanent    (abs)        000000
__size_of_vscp_writeRegister             (abs)        000000
__size_of_vscp_writeStdReg               (abs)        000000
__size_ofi1_WriteTimer0                  (abs)        000000
__smallconst                             smallconst   0008CA
_calculateSetFilterMask                  text28       002B5A
_channel_protection_timer                bssBANK0     00007E
_channel_pulse_flags                     bssBANK0     000068
_channel_pulse_timer                     bssBANK1     000100
_current_debounce                        bssBANK0     000070
_current_iostate                         bssBANK0     00006A
_debounce_cnt                            bssBANK0     0000AD
_doActionOff                             text15       00464C
_doActionOn                              text14       00414E
_doActionPulseOff                        text12       004376
_doActionPulseOn                         text13       00401A
_doActionStatus                          text11       00456E
_doActionStatusAll                       text10       004E82
_doActionToggle                          text9        004476
_doApplicationOneSecondWork              text2        00187C
_doDM                                    text8        003284
_doDM$2385                               cstackBANK0  0000DB
_doDM$2386                               cstackBANK0  0000DC
_doDM$2387                               cstackBANK0  0000DD
_doDM$2388                               cstackBANK0  0000DE
_doDM$2389                               cstackBANK0  0000DF
_doDM$2390                               cstackBANK0  0000E0
_doDM$2391                               cstackBANK0  0000E1
_doWork                                  text1        005022
_getCANFrame                             text61       004C7C
_getVSCPFrame                            text60       004928
_hours                                   bssBANK0     000071
_init                                    text72       004AFA
_init_app_eeprom                         text23       003D6C
_init_app_ram                            text21       002FC6
_interrupt_at_low_vector                 intcodelo    000818
_main                                    text0        0025E8
_measurement_clock_10ms                  bssBANK0     000060
_measurement_clock_sec                   bssBANK0     000064
_memset                                  text22       004C50
_minutes                                 bssBANK0     000072
_seconds                                 bssBANK0     000073
_sendCANFrame                            text56       004B3E
_sendTimer                               bssBANK0     000074
_sendVSCPFrame                           text55       0047DC
_vscp_alarmstatus                        bssCOMRAM    000055
_vscp_check_pstorage                     text65       004DE0
_vscp_configtimer                        bssBANK0     00006C
_vscp_deviceURL                          smallconst   0008CA
_vscp_doOneSecondWork                    text3        004A68
_vscp_error                              text7        00501E
_vscp_getBootLoaderAlgorithm             text36       005028
_vscp_getBufferSize                      text35       005026
_vscp_getEvent                           text59       004CD2
_vscp_getFamilyCode                      text34       004FF2
_vscp_getFamilyType                      text33       004FE8
_vscp_getGUID                            text40       004F8A
_vscp_getMDF_URL                         text39       004EF0
_vscp_getMajorVersion                    text43       00502E
_vscp_getManufacturerId                  text37       004F62
_vscp_getMatrixInfo                      text50       004E26
_vscp_getMinorVersion                    text42       00502C
_vscp_getRegisterPagesUsed               text32       005024
_vscp_getSegmentCRC                      text68       005006
_vscp_getSubMinorVersion                 text41       00502A
_vscp_getSubzone                         text5        004FD4
_vscp_getUserID                          text38       004F76
_vscp_getZone                            text6        004FDE
_vscp_goActiveState                      text53       004E46
_vscp_goBootloaderMode                   text51       004EBA
_vscp_guid_reset                         bssBANK0     000075
_vscp_handleDropNickname                 text45       004BF2
_vscp_handleHeartbeat                    text49       004B80
_vscp_handleProbeState                   text52       004722
_vscp_handleProtocolEvent                text16       001FAA
_vscp_handleSetNickname                  text48       004DBC
_vscp_hour                               bssBANK0     000076
_vscp_imsg                               bssBANK0     000092
_vscp_init                               text46       004AB6
_vscp_initbtncnt                         bssBANK0     000077
_vscp_initledfunc                        bssCOMRAM    000056
_vscp_minute                             bssBANK0     000078
_vscp_newNodeOnline                      text44       004CA8
_vscp_nickname                           bssBANK0     000079
_vscp_node_state                         bssBANK0     00007A
_vscp_node_substate                      bssBANK0     00007B
_vscp_omsg                               bssBANK0     0000A0
_vscp_page_select                        bssCOMRAM    000052
_vscp_probe_address                      bssCOMRAM    000057
_vscp_probe_cnt                          bssBANK0     00007C
_vscp_readAppReg                         text77       0038F4
_vscp_readNicknamePermanent              text47       004FFC
_vscp_readRegister                       text30       004ED6
_vscp_readStdReg                         text31       003746
_vscp_restoreDefaults                    text20       005010
_vscp_second                             bssBANK0     00007D
_vscp_sendEvent                          text54       004D96
_vscp_sendHeartBeat                      text4        004D24
_vscp_setControlByte                     text66       004F20
_vscp_setGUID                            text26       004D70
_vscp_setManufacturerId                  text25       004D4A
_vscp_setSegmentCRC                      text67       004F36
_vscp_setUserID                          text24       004E9E
_vscp_statuscnt                          bssCOMRAM    000058
_vscp_timer                              bssBANK0     00006E
_vscp_writeAppReg                        text27       0008EC
_vscp_writeNicknamePermanent             text69       004F4C
_vscp_writeRegister                      text18       004E04
_vscp_writeStdReg                        text19       004270
calculateSetFilterMask@filter            cstackCOMRAM 00003A
calculateSetFilterMask@i                 cstackCOMRAM 000043
calculateSetFilterMask@j                 cstackCOMRAM 000042
calculateSetFilterMask@lastOID           cstackCOMRAM 000035
calculateSetFilterMask@mask              cstackCOMRAM 000036
calculateSetFilterMask@rowfilter         cstackCOMRAM 00003E
calculateSetFilterMask@rowmask           cstackCOMRAM 000031
doActionOff@arg                          cstackCOMRAM 00004F
doActionOff@bEvent                       cstackCOMRAM 000051
doActionOff@ctrlreg                      cstackCOMRAM 000050
doActionOn@arg                           cstackCOMRAM 00004F
doActionOn@bEvent                        cstackBANK0  0000CE
doActionOn@ctrlreg                       cstackBANK0  0000CD
doActionPulseOff@arg                     cstackCOMRAM 00004F
doActionPulseOff@bEvent                  cstackCOMRAM 000051
doActionPulseOff@ctrlreg                 cstackCOMRAM 000050
doActionPulseOn@arg                      cstackCOMRAM 00004F
doActionPulseOn@bEvent                   cstackCOMRAM 000051
doActionPulseOn@ctrlreg                  cstackCOMRAM 000050
doActionStatus@arg                       cstackCOMRAM 00004F
doActionStatus@bOn                       cstackCOMRAM 000051
doActionStatus@ctrlreg                   cstackCOMRAM 000050
doActionStatusAll@dmflags                cstackBANK0  0000CE
doActionStatusAll@i                      cstackBANK0  0000CF
doActionToggle@arg                       cstackCOMRAM 00004F
doActionToggle@bOn                       cstackCOMRAM 000051
doActionToggle@ctrlreg                   cstackCOMRAM 000050
doApplicationOneSecondWork@bInput        cstackBANK0  0000F6
doApplicationOneSecondWork@bOn           cstackBANK0  0000F7
doApplicationOneSecondWork@ctrlreg       cstackBANK0  0000F8
doApplicationOneSecondWork@data          cstackBANK0  0000F3
doApplicationOneSecondWork@i             cstackBANK0  0000F9
doApplicationOneSecondWork@iodirections  cstackBANK0  0000F1
doDM@class_filter                        cstackBANK0  0000D5
doDM@class_mask                          cstackBANK0  0000D7
doDM@dmflags                             cstackBANK0  0000E2
doDM@i                                   cstackBANK0  0000E3
doDM@type_filter                         cstackBANK0  0000D9
doDM@type_mask                           cstackBANK0  0000DA
end_of_initialization                    cinit        004C46
getCANFrame@flags                        cstackCOMRAM 00001D
getCANFrame@pdata                        cstackCOMRAM 00001B
getCANFrame@pdlc                         cstackCOMRAM 00001A
getCANFrame@pid                          cstackCOMRAM 00001C
getVSCPFrame@id                          cstackCOMRAM 000028
getVSCPFrame@pData                       cstackCOMRAM 000022
getVSCPFrame@pNodeId                     cstackCOMRAM 00001F
getVSCPFrame@pPriority                   cstackCOMRAM 000020
getVSCPFrame@pSize                       cstackCOMRAM 000021
getVSCPFrame@pvscpclass                  cstackCOMRAM 000027
getVSCPFrame@pvscptype                   cstackCOMRAM 00001E
i1WriteTimer0@timer                      cstackCOMRAM 000003
i1WriteTimer0@timer0                     cstackCOMRAM 000001
i1_WriteTimer0                           text80       004FC2
init_app_eeprom@i                        cstackCOMRAM 00000F
init_app_eeprom@j                        cstackCOMRAM 00000E
init_app_ram@dir                         cstackCOMRAM 000034
init_app_ram@i                           cstackCOMRAM 000035
intlevel0                                text         000000
intlevel1                                text         000000
intlevel2                                text         000000
intlevel3                                text         000000
main@dir                                 cstackBANK0  0000FC
memset@c                                 cstackCOMRAM 00000A
memset@n                                 cstackCOMRAM 00000C
memset@p                                 cstackCOMRAM 00000E
memset@p1                                cstackCOMRAM 000008
sendCANFrame@dlc                         cstackCOMRAM 00003B
sendCANFrame@id                          cstackCOMRAM 000037
sendCANFrame@pdata                       cstackCOMRAM 00003C
sendCANFrame@rv                          cstackCOMRAM 00003E
sendVSCPFrame@id                         cstackCOMRAM 000047
sendVSCPFrame@nodeid                     cstackCOMRAM 000042
sendVSCPFrame@pData                      cstackCOMRAM 000045
sendVSCPFrame@priority                   cstackCOMRAM 000043
sendVSCPFrame@size                       cstackCOMRAM 000044
sendVSCPFrame@vscpclass                  cstackCOMRAM 00003F
sendVSCPFrame@vscptype                   cstackCOMRAM 000041
start                                    init         0008C6
start_initialization                     cinit        004C22
vscp_getEvent@rv                         cstackCOMRAM 00002C
vscp_getGUID@idx                         cstackCOMRAM 00000A
vscp_getMDF_URL@idx                      cstackCOMRAM 000009
vscp_getManufacturerId@idx               cstackCOMRAM 00000A
vscp_getMatrixInfo@i                     cstackCOMRAM 000008
vscp_getUserID@idx                       cstackCOMRAM 00000A
vscp_goBootloaderMode@algorithm          cstackCOMRAM 00000C
vscp_handleDropNickname@bytes            cstackCOMRAM 00000D
vscp_handleProtocolEvent@byte            cstackBANK0  0000F0
vscp_handleProtocolEvent@bytes           cstackBANK0  0000E7
vscp_handleProtocolEvent@bytes_1508      cstackBANK0  0000F1
vscp_handleProtocolEvent@bytes_this_time cstackBANK0  0000EB
vscp_handleProtocolEvent@cb              cstackBANK0  0000EC
vscp_handleProtocolEvent@i               cstackBANK0  0000F4
vscp_handleProtocolEvent@i_1501          cstackBANK0  0000EF
vscp_handleProtocolEvent@i_1504          cstackBANK0  0000F3
vscp_handleProtocolEvent@i_1512          cstackBANK0  0000ED
vscp_handleProtocolEvent@j               cstackBANK0  0000F5
vscp_handleProtocolEvent@k               cstackBANK0  0000EE
vscp_handleProtocolEvent@len             cstackBANK0  0000E8
vscp_handleProtocolEvent@len_1503        cstackBANK0  0000EA
vscp_handleProtocolEvent@offset          cstackBANK0  0000E5
vscp_handleProtocolEvent@page_save       cstackBANK0  0000E1
vscp_handleProtocolEvent@page_save_1513  cstackBANK0  0000E3
vscp_handleProtocolEvent@pos             cstackBANK0  0000E6
vscp_handleProtocolEvent@pos_1502        cstackBANK0  0000E9
vscp_readAppReg@reg                      cstackCOMRAM 000012
vscp_readAppReg@rv                       cstackCOMRAM 000011
vscp_readRegister@reg                    cstackCOMRAM 00001D
vscp_readStdReg@code                     cstackCOMRAM 000011
vscp_readStdReg@code_1486                cstackCOMRAM 000015
vscp_readStdReg@idx                      cstackCOMRAM 000019
vscp_readStdReg@idx_1487                 cstackCOMRAM 00001A
vscp_readStdReg@reg                      cstackCOMRAM 00001C
vscp_readStdReg@rv                       cstackCOMRAM 00001B
vscp_sendHeartBeat@subzone               cstackBANK0  0000CB
vscp_sendHeartBeat@zone                  cstackCOMRAM 00004C
vscp_setControlByte@ctrl                 cstackCOMRAM 00000C
vscp_setGUID@data                        cstackCOMRAM 00000C
vscp_setGUID@idx                         cstackCOMRAM 00000D
vscp_setManufacturerId@data              cstackCOMRAM 00000C
vscp_setManufacturerId@idx               cstackCOMRAM 00000D
vscp_setSegmentCRC@crc                   cstackCOMRAM 00000C
vscp_setUserID@data                      cstackCOMRAM 00000C
[...]
		None
 Auto vars:     Size  Location     Type
		None
 Return value:  Size  Location     Type
                  1    wreg      unsigned char 
 Registers used:
		wreg, status,2, cstack
 Tracked objects:
		On entry : 
		On exit  : 
		Unchanged: 
 Data sizes:     COMRAM   BANK0   BANK1   BANK2   BANK3   BANK4   BANK5
      Params:         0       0       0       0       0       0       0
      Locals:         0       0       0       0       0       0       0
      Temps:          0       0       0       0       0       0       0
      Totals:         0       0       0       0       0       0       0
Total ram usage:        0 bytes
 Hardware stack levels used:    1
 Hardware stack levels required when called:    3
 This function calls:
		_Read_b_eep
 This function is called by:
		_vscp_check_pstorage
		_vscp_handleHeartbeat
 This function uses a non-reentrant model


 *************** function _vscp_writeNicknamePermanent *****************
 Defined at:
		line 1367 in file "../main.c"
 Parameters:    Size  Location     Type
  nickname        1    wreg     unsigned char 
 Auto vars:     Size  Location     Type
  nickname        1   11[COMRAM] unsigned char 
 Return value:  Size  Location     Type
		None               void
 Registers used:
		wreg, status,2, cstack
 Tracked objects:
		On entry : 
		On exit  : 
		Unchanged: 
 Data sizes:     COMRAM   BANK0   BANK1   BANK2   BANK3   BANK4   BANK5
      Params:         0       0       0       0       0       0       0
      Locals:         1       0       0       0       0       0       0
      Temps:          0       0       0       0       0       0       0
      Totals:         1       0       0       0       0       0       0
Total ram usage:        1 bytes
 Hardware stack levels used:    1
 Hardware stack levels required when called:    3
 This function calls:
		_Busy_eep
		_Write_b_eep
 This function is called by:
		_vscp_check_pstorage
		_vscp_handleProbeState
		_vscp_handleHeartbeat
		_vscp_handleSetNickname
		_vscp_handleDropNickname
 This function uses a non-reentrant model


 *************** function _Write_b_eep *****************
 Defined at:
		line 31 in file "C:\Program Files (x86)\Microchip\xc8\v1.21\sources\pic18\plib\EEP\write_B.c"
 Parameters:    Size  Location     Type
  badd            2    7[COMRAM] unsigned int 
  bdat            1    9[COMRAM] unsigned char 
 Auto vars:     Size  Location     Type
  GIE_BIT_VAL     1   10[COMRAM] unsigned char 
 Return value:  Size  Location     Type
		None               void
 Registers used:
		wreg, status,2
 Tracked objects:
		On entry : 
		On exit  : 
		Unchanged: 
 Data sizes:     COMRAM   BANK0   BANK1   BANK2   BANK3   BANK4   BANK5
      Params:         3       0       0       0       0       0       0
      Locals:         1       0       0       0       0       0       0
      Temps:          0       0       0       0       0       0       0
      Totals:         4       0       0       0       0       0       0
Total ram usage:        4 bytes
 Hardware stack levels used:    1
 Hardware stack levels required when called:    2
 This function calls:
		Nothing
 This function is called by:
		_main
		_init_app_eeprom
		_vscp_setGUID
		_vscp_setManufacturerId
		_vscp_writeNicknamePermanent
		_vscp_writeAppReg
		_vscp_setUserID
		_vscp_setSegmentCRC
		_vscp_setControlByte
		_vscp_goBootloaderMode
 This function uses a non-reentrant model


 *************** function _Busy_eep *****************
 Defined at:
		line 13 in file "C:\Program Files (x86)\Microchip\xc8\v1.21\sources\pic18\plib\EEP\busy_eep.c"
 Parameters:    Size  Location     Type
		None
 Auto vars:     Size  Location     Type
		None
 Return value:  Size  Location     Type
		None               void
 Registers used:
		None
 Tracked objects:
		On entry : 
		On exit  : 
		Unchanged: 
 Data sizes:     COMRAM   BANK0   BANK1   BANK2   BANK3   BANK4   BANK5
      Params:         0       0       0       0       0       0       0
      Locals:         0       0       0       0       0       0       0
      Temps:          0       0       0       0       0       0       0
      Totals:         0       0       0       0       0       0       0
Total ram usage:        0 bytes
 Hardware stack levels used:    1
 Hardware stack levels required when called:    2
 This function calls:
		Nothing
 This function is called by:
		_main
		_init_app_eeprom
		_vscp_setGUID
		_vscp_setManufacturerId
		_vscp_writeNicknamePermanent
		_vscp_writeAppReg
		_vscp_setUserID
		_vscp_setSegmentCRC
		_vscp_setControlByte
		_vscp_goBootloaderMode
 This function uses a non-reentrant model


 *************** function _init *****************
 Defined at:
		line 626 in file "../main.c"
 Parameters:    Size  Location     Type
		None
 Auto vars:     Size  Location     Type
		None
 Return value:  Size  Location     Type
		None               void
 Registers used:
		wreg, status,2, status,0, cstack
 Tracked objects:
		On entry : 
		On exit  : 
		Unchanged: 
 Data sizes:     COMRAM   BANK0   BANK1   BANK2   BANK3   BANK4   BANK5
      Params:         0       0       0       0       0       0       0
      Locals:         0       0       0       0       0       0       0
      Temps:          0       0       0       0       0       0       0
      Totals:         0       0       0       0       0       0       0
Total ram usage:        0 bytes
 Hardware stack levels used:    1
 Hardware stack levels required when called:    4
 This function calls:
		_ECANInitialize
		_WriteTimer0
		_OpenTimer0
 This function is called by:
		_main
 This function uses a non-reentrant model


 *************** function _OpenTimer0 *****************
 Defined at:
		line 19 in file "C:\Program Files (x86)\Microchip\xc8\v1.21\sources\pic18\plib\Timers\t0open.c"
 Parameters:    Size  Location     Type
  config          1    wreg     unsigned char 
 Auto vars:     Size  Location     Type
  config          1    7[COMRAM] unsigned char 
 Return value:  Size  Location     Type
		None               void
 Registers used:
		wreg, status,2, status,0
 Tracked objects:
		On entry : 
		On exit  : 
		Unchanged: 
 Data sizes:     COMRAM   BANK0   BANK1   BANK2   BANK3   BANK4   BANK5
      Params:         0       0       0       0       0       0       0
      Locals:         1       0       0       0       0       0       0
      Temps:          0       0       0       0       0       0       0
      Totals:         1       0       0       0       0       0       0
Total ram usage:        1 bytes
 Hardware stack levels used:    1
 Hardware stack levels required when called:    2
 This function calls:
		Nothing
 This function is called by:
		_init
 This function uses a non-reentrant model


 *************** function _WriteTimer0 *****************
 Defined at:
		line 17 in file "C:\Program Files (x86)\Microchip\xc8\v1.21\sources\pic18\plib\Timers\t0write.c"
 Parameters:    Size  Location     Type
  timer0          2    7[COMRAM] unsigned int 
 Auto vars:     Size  Location     Type
  timer           2    9[COMRAM] struct Timers
 Return value:  Size  Location     Type
		None               void
 Registers used:
		None
 Tracked objects:
		On entry : 
		On exit  : 
		Unchanged: 
 Data sizes:     COMRAM   BANK0   BANK1   BANK2   BANK3   BANK4   BANK5
      Params:         2       0       0       0       0       0       0
      Locals:         2       0       0       0       0       0       0
      Temps:          0       0       0       0       0       0       0
      Totals:         4       0       0       0       0       0       0
Total ram usage:        4 bytes
 Hardware stack levels used:    1
 Hardware stack levels required when called:    2
 This function calls:
		Nothing
 This function is called by:
		_init
 This function uses a non-reentrant model


 *************** function _ECANInitialize *****************
 Defined at:
		line 168 in file "../ECAN.c"
 Parameters:    Size  Location     Type
		None
 Auto vars:     Size  Location     Type
		None
 Return value:  Size  Location     Type
		None               void
 Registers used:
		wreg, status,2, status,0, cstack
 Tracked objects:
		On entry : 
		On exit  : 
		Unchanged: 
 Data sizes:     COMRAM   BANK0   BANK1   BANK2   BANK3   BANK4   BANK5
      Params:         0       0       0       0       0       0       0
      Locals:         0       0       0       0       0       0       0
      Temps:          0       0       0       0       0       0       0
      Totals:         0       0       0       0       0       0       0
Total ram usage:        0 bytes
 Hardware stack levels used:    1
 Hardware stack levels required when called:    3
 This function calls:
		_ECANSetOperationMode
 This function is called by:
		_init
 This function uses a non-reentrant model


 *************** function _ECANSetOperationMode *****************
 Defined at:
		line 1012 in file "../ECAN.c"
 Parameters:    Size  Location     Type
  mode            1    wreg     enum E16337
 Auto vars:     Size  Location     Type
  mode            1    7[COMRAM] enum E16337
 Return value:  Size  Location     Type
		None               void
 Registers used:
		wreg, status,2, status,0
 Tracked objects:
		On entry : 
		On exit  : 
		Unchanged: 
 Data sizes:     COMRAM   BANK0   BANK1   BANK2   BANK3   BANK4   BANK5
      Params:         0       0       0       0       0       0       0
      Locals:         1       0       0       0       0       0       0
      Temps:          0       0       0       0       0       0       0
      Totals:         1       0       0       0       0       0       0
Total ram usage:        1 bytes
 Hardware stack levels used:    1
 Hardware stack levels required when called:    2
 This function calls:
		Nothing
 This function is called by:
		_ECANInitialize
		_calculateSetFilterMask
 This function uses a non-reentrant model


 *************** function _vscp_readAppReg *****************
 Defined at:
		line 1407 in file "../main.c"
 Parameters:    Size  Location     Type
  reg             1    wreg     unsigned char 
 Auto vars:     Size  Location     Type
  reg             1   17[COMRAM] unsigned char 
  rv              1   16[COMRAM] unsigned char 
 Return value:  Size  Location     Type
                  1    wreg      unsigned char 
 Registers used:
		wreg, status,2, status,0, prodl, prodh, cstack
 Tracked objects:
		On entry : 
		On exit  : 
		Unchanged: 
 Data sizes:     COMRAM   BANK0   BANK1   BANK2   BANK3   BANK4   BANK5
      Params:         0       0       0       0       0       0       0
      Locals:         2       0       0       0       0       0       0
      Temps:          7       0       0       0       0       0       0
      Totals:         9       0       0       0       0       0       0
Total ram usage:        9 bytes
 Hardware stack levels used:    1
 Hardware stack levels required when called:    3
 This function calls:
		_Read_b_eep
 This function is called by:
		_vscp_readRegister
		_vscp_handleProtocolEvent
 This function uses a non-reentrant model


 *************** function _Read_b_eep *****************
 Defined at:
		line 24 in file "C:\Program Files (x86)\Microchip\xc8\v1.21\sources\pic18\plib\EEP\read_B.c"
 Parameters:    Size  Location     Type
  badd            2    7[COMRAM] unsigned int 
 Auto vars:     Size  Location     Type
		None
 Return value:  Size  Location     Type
                  1    wreg      unsigned char 
 Registers used:
		wreg, status,2
 Tracked objects:
		On entry : 
		On exit  : 
		Unchanged: 
 Data sizes:     COMRAM   BANK0   BANK1   BANK2   BANK3   BANK4   BANK5
      Params:         2       0       0       0       0       0       0
      Locals:         0       0       0       0       0       0       0
      Temps:          0       0       0       0       0       0       0
      Totals:         2       0       0       0       0       0       0
Total ram usage:        2 bytes
 Hardware stack levels used:    1
 Hardware stack levels required when called:    2
 This function calls:
		Nothing
 This function is called by:
		_main
		_init_app_ram
		_doApplicationOneSecondWork
		_vscp_readNicknamePermanent
		_vscp_getZone
		_vscp_getSubzone
		_vscp_readAppReg
		_vscp_writeAppReg
		_SendInformationEvent
		_doDM
		_doActionOn
		_doActionOff
		_doActionPulseOn
		_doActionPulseOff
		_doActionToggle
		_doActionStatus
		_vscp_getGUID
		_vscp_getUserID
		_vscp_getManufacturerId
		_vscp_getSegmentCRC
		_calculateSetFilterMask
 This function uses a non-reentrant model


 *************** function _interrupt_at_low_vector *****************
 Defined at:
		line 140 in file "../main.c"
 Parameters:    Size  Location     Type
		None
 Auto vars:     Size  Location     Type
		None
 Return value:  Size  Location     Type
		None               void
 Registers used:
		wreg, status,2, status,0, cstack
 Tracked objects:
		On entry : 
		On exit  : 
		Unchanged: 
 Data sizes:     COMRAM   BANK0   BANK1   BANK2   BANK3   BANK4   BANK5
      Params:         0       0       0       0       0       0       0
      Locals:         0       0       0       0       0       0       0
      Temps:          3       0       0       0       0       0       0
      Totals:         3       0       0       0       0       0       0
Total ram usage:        3 bytes
 Hardware stack levels used:    1
 Hardware stack levels required when called:    1
 This function calls:
		i1_WriteTimer0
 This function is called by:
		Interrupt level 1
 This function uses a non-reentrant model


 *************** function i1_WriteTimer0 *****************
 Defined at:
		line 17 in file "C:\Program Files (x86)\Microchip\xc8\v1.21\sources\pic18\plib\Timers\t0write.c"
 Parameters:    Size  Location     Type
  timer0          2    0[COMRAM] unsigned int 
 Auto vars:     Size  Location     Type
  WriteTimer0     2    2[COMRAM] struct Timers
 Return value:  Size  Location     Type
		None               void
 Registers used:
		None
 Tracked objects:
		On entry : 
		On exit  : 
		Unchanged: 
 Data sizes:     COMRAM   BANK0   BANK1   BANK2   BANK3   BANK4   BANK5
      Params:         2       0       0       0       0       0       0
      Locals:         2       0       0       0       0       0       0
      Temps:          0       0       0       0       0       0       0
      Totals:         4       0       0       0       0       0       0
Total ram usage:        4 bytes
 Hardware stack levels used:    1
 This function calls:
		Nothing
 This function is called by:
		_interrupt_at_low_vector
 This function uses a non-reentrant model



MODULE INFORMATION

Module		Function		Class		Link	Load	Size
../main.c
		_vscp_getBootLo		CODE           	5028	0000	2
		_vscp_getZone  		CODE           	4FDE	0000	10
		_init          		CODE           	4AFA	0000	68
		_vscp_setManufa		CODE           	4D4A	0000	38
		_doDM          		CODE           	3284	0000	692
		_vscp_setGUID  		CODE           	4D70	0000	38
		_SendInformatio		CODE           	4A16	0000	82
		_getVSCPFrame  		CODE           	4928	0000	120
		_vscp_setContro		CODE           	4F20	0000	22
		_vscp_getUserID		CODE           	4F76	0000	20
		_doWork        		CODE           	5022	0000	2
		_vscp_getSegmen		CODE           	5006	0000	10
		_vscp_restoreDe		CODE           	5010	0000	8
		_vscp_readAppRe		CODE           	38F4	0000	426
		_vscp_getFamily		CODE           	4FF2	0000	10
		_doActionOn    		CODE           	414E	0000	290
		_vscp_setUserID		CODE           	4E9E	0000	28
		_getCANFrame   		CODE           	4C7C	0000	44
		_main          		CODE           	25E8	0000	1394
		_doActionOff   		CODE           	464C	0000	214
		_calculateSetFi		CODE           	2B5A	0000	1132
		_vscp_getRegist		CODE           	5024	0000	2
		_doActionPulseO		CODE           	4376	0000	256
		_vscp_setSegmen		CODE           	4F36	0000	22
		_sendVSCPFrame 		CODE           	47DC	0000	182
		_vscp_getMDF_UR		CODE           	4EF0	0000	24
		_init_app_eepro		CODE           	3D6C	0000	350
		_sendCANFrame  		CODE           	4B3E	0000	66
		_vscp_writeAppR		CODE           	08EC	0000	3984
		_doActionStatus		CODE           	4E82	0000	28
		_vscp_getFamily		CODE           	4FE8	0000	10
		_vscp_getBuffer		CODE           	5026	0000	2
		_vscp_getSubzon		CODE           	4FD4	0000	10
		_vscp_getMatrix		CODE           	4E26	0000	32
		_vscp_goBootloa		CODE           	4EBA	0000	28
		_doActionToggle		CODE           	4476	0000	248
		_doActionStatus		CODE           	456E	0000	222
		_vscp_readNickn		CODE           	4FFC	0000	10
		_interrupt_at_l		CODE           	0818	0000	174
		_doApplicationO		CODE           	187C	0000	1838
		_doActionPulseO		CODE           	401A	0000	308
		_vscp_getMajorV		CODE           	502E	0000	2
		_vscp_getMinorV		CODE           	502C	0000	2
		_vscp_writeNick		CODE           	4F4C	0000	22
		_init_app_ram  		CODE           	2FC6	0000	702
		_vscp_getManufa		CODE           	4F62	0000	20
		_vscp_getSubMin		CODE           	502A	0000	2
		_vscp_getGUID  		CODE           	4F8A	0000	20

../main.c estimated size: 13216

C:\Program Files (x86)\Microchip\xc8\v1.21\sources\pic18\plib\Timers\t0write.c
		_WriteTimer0   		CODE           	4F9E	0000	18

C:\Program Files (x86)\Microchip\xc8\v1.21\sources\pic18\plib\Timers\t0write.c estimated size: 18

C:\Program Files (x86)\Microchip\xc8\v1.21\sources\pic18\plib\EEP\read_B.c
		_Read_b_eep    		CODE           	4FB0	0000	18

C:\Program Files (x86)\Microchip\xc8\v1.21\sources\pic18\plib\EEP\read_B.c estimated size: 18

../ECAN.c
		_ECANReceiveMes		CODE           	3538	0000	526
		__RegsToCANID  		CODE           	3C08	0000	356
		__ECANPointBuff		CODE           	49A0	0000	118
		_ECANInitialize		CODE           	4892	0000	150
		__CANIDToRegs  		CODE           	3ECA	0000	336
		_ECANSetOperati		CODE           	4F08	0000	24
		_ECANSendMessag		CODE           	3A9E	0000	362

../ECAN.c estimated size: 1872

shared
		_vscp_deviceURL		SMALLCONST     	08CA	0000	32
		__initializatio		CODE           	4C22	0000	36
		i1_WriteTimer0 		CODE           	4FC2	0000	18

shared estimated size: 86

C:\Program Files (x86)\Microchip\xc8\v1.21\sources\common\lbmod.c
		___lbmod       		CODE           	4CFC	0000	40

C:\Program Files (x86)\Microchip\xc8\v1.21\sources\common\lbmod.c estimated size: 40

../../vscp_firmware/common/vscp_firmware.c
		_vscp_getEvent 		CODE           	4CD2	0000	42
		_vscp_handleHea		CODE           	4B80	0000	62
		_vscp_readRegis		CODE           	4ED6	0000	26
		_vscp_writeRegi		CODE           	4E04	0000	34
		_vscp_error    		CODE           	501E	0000	4
		_vscp_readStdRe		CODE           	3746	0000	430
		_vscp_goActiveS		CODE           	4E46	0000	30
		_vscp_doOneSeco		CODE           	4A68	0000	78
		_vscp_sendEvent		CODE           	4D96	0000	38
		_vscp_check_pst		CODE           	4DE0	0000	36
		_vscp_writeStdR		CODE           	4270	0000	262
		_vscp_handlePro		CODE           	1FAA	0000	1598
		_vscp_handleDro		CODE           	4BF2	0000	48
		_vscp_handleSet		CODE           	4DBC	0000	36
		_vscp_handlePro		CODE           	4722	0000	186
		_vscp_sendHeart		CODE           	4D24	0000	38
		_vscp_newNodeOn		CODE           	4CA8	0000	42
		_vscp_init     		CODE           	4AB6	0000	68

../../vscp_firmware/common/vscp_firmware.c estimated size: 3058

C:\Program Files (x86)\Microchip\xc8\v1.21\sources\pic18\plib\EEP\write_B.c
		_Write_b_eep   		CODE           	4BBE	0000	52

C:\Program Files (x86)\Microchip\xc8\v1.21\sources\pic18\plib\EEP\write_B.c estimated size: 52

C:\Program Files (x86)\Microchip\xc8\v1.21\sources\pic18\plib\Timers\t0open.c
		_OpenTimer0    		CODE           	4E64	0000	30

C:\Program Files (x86)\Microchip\xc8\v1.21\sources\pic18\plib\Timers\t0open.c estimated size: 30

C:\Program Files (x86)\Microchip\xc8\v1.21\sources\pic18\plib\EEP\busy_eep.c
		_Busy_eep      		CODE           	5018	0000	6

C:\Program Files (x86)\Microchip\xc8\v1.21\sources\pic18\plib\EEP\busy_eep.c estimated size: 6

C:\Program Files (x86)\Microchip\xc8\v1.21\sources\common\memset.c
		_memset        		CODE           	4C50	0000	44

C:\Program Files (x86)\Microchip\xc8\v1.21\sources\common\memset.c estimated size: 44

